============================= test session starts ==============================
platform linux -- Python 3.9.12, pytest-7.1.1, pluggy-1.0.0 -- /media/lubuntu/USBDISK/miniconda3/bin/python
cachedir: .pytest_cache
hypothesis profile 'default' -> database=DirectoryBasedExampleDatabase('/media/lubuntu/USBDISK/github/luk036/py/nnsplace/.hypothesis/examples')
benchmark: 3.4.1 (defaults: timer=time.perf_counter disable_gc=False min_rounds=5 min_time=0.000005 max_time=1.0 calibration_precision=10 warmup=False warmup_iterations=100000)
rootdir: /media/lubuntu/USBDISK/github/luk036/py/nnsplace, configfile: setup.cfg
plugins: hypothesis-6.46.1, cov-3.0.0, benchmark-3.4.1
collecting ... collected 2 items

tests/test_place.py::test_drawf PASSED                                   [ 50%]
tests/test_place.py::test_placement FAILED                               [100%]

=================================== FAILURES ===================================
________________________________ test_placement ________________________________

    def test_placement():
        H = read_json("testcases/p1.json")
        # count_2 = 0
        # count_3 = 0
        # count_rest = 0
        # for net in H.nets:
        #     deg = H.G.degree(net)
        #     if deg == 2:
        #         count_2 += 1
        #     elif deg == 3:
        #         count_3 += 1
        #     else:
        #         count_rest += 1
        # print(count_2, count_3, count_rest)
        # assert count_2 == 494
        # 00321C
        # EC0000
        placer = NnsPlacer(H, NnsConfig(50, 45, 40, 40))
        place = [[], []]
        place[0] = [0 for _ in range(H.number_of_modules())]  # x-direction
        place[1] = [0 for _ in range(H.number_of_modules())]  # y-direction
        placer.init_placement(place)
        # assert place[0][1] == 1
        # assert place[1][1] == 0
        # assert placer.count[1][0] == 32
        # assert placer.count[1][26] == 1
        # assert placer.count[1][27] == 0
        # assert placer.count[0][0] == 27
        # assert placer.count[0][1] == 26
        hpwl_x, hpwl_y = placer.calc_total_hpwl(place)
        print("Total HPWL before = {} + {} = {}".format(
                  hpwl_x, hpwl_y, hpwl_x + hpwl_y))
        print("Worst wirelenght before = {}".format(
                  placer.calc_worst_wirelenght(place)))
    
        niter, worst = placer.run(place)
        # placer.apply_howard(place, 0)
        # placer.legalize(place, 1)
        # worst = placer.calc_worst_wirelenght(place)
    
        print("Number of iterations = {}".format(niter))
        hpwl_x, hpwl_y = placer.calc_total_hpwl(place)
        print("Total HPWL after = {} + {} = {}".format(
                  hpwl_x, hpwl_y, hpwl_x + hpwl_y))
        print("Worst wirelenght after = {}".format(worst))
    
        for v in H:
            print("<use x=\"{}\" y=\"{}\" href=\"#r1\"/>"
                  .format(place[0][v] * 40, place[1][v] * 40))
    #     for net in H.nets:
    #         adjs = iter(H.gr[net])
    #         v = next(adjs)
    #         p = Point(place[0][v], place[1][v])
    #         bbox = Rect(Interval(p.x, p.x), Interval(p.y, p.y))
    #         for v in adjs:
    #             q = Point(place[0][v], place[1][v])
    #             bbox = bbox.hull_with(q)
    #         x = bbox.x.lb * 40 + 10
    #         y = bbox.y.lb * 40 + 10
    #         width = bbox.width() * 40
    #         height = bbox.height() * 40
    #         print("<rect class=\"net\" x=\"{}\" y=\"{}\" width=\"{}\" \
    # height=\"{}\"/>".format(x, y, width, height))
    
>       assert(place[0][1] < 0)
E       assert 19 < 0

tests/test_place.py:87: AssertionError
----------------------------- Captured stdout call -----------------------------
Total HPWL before = 640760 + 69760 = 710520
Worst wirelenght before = 2240
Number of iterations = 2
Total HPWL after = 376640 + 276240 = 652880
Worst wirelenght after = 2080
<use x="880" y="200" href="#r1"/>
<use x="760" y="240" href="#r1"/>
<use x="360" y="40" href="#r1"/>
<use x="960" y="680" href="#r1"/>
<use x="1120" y="680" href="#r1"/>
<use x="1160" y="760" href="#r1"/>
<use x="1040" y="1040" href="#r1"/>
<use x="520" y="1280" href="#r1"/>
<use x="680" y="1240" href="#r1"/>
<use x="1160" y="1240" href="#r1"/>
<use x="1080" y="840" href="#r1"/>
<use x="440" y="1360" href="#r1"/>
<use x="680" y="680" href="#r1"/>
<use x="520" y="600" href="#r1"/>
<use x="520" y="520" href="#r1"/>
<use x="560" y="760" href="#r1"/>
<use x="1000" y="760" href="#r1"/>
<use x="1120" y="720" href="#r1"/>
<use x="1280" y="640" href="#r1"/>
<use x="1040" y="800" href="#r1"/>
<use x="1200" y="920" href="#r1"/>
<use x="760" y="880" href="#r1"/>
<use x="840" y="1080" href="#r1"/>
<use x="1200" y="600" href="#r1"/>
<use x="1200" y="1080" href="#r1"/>
<use x="1200" y="1000" href="#r1"/>
<use x="1040" y="880" href="#r1"/>
<use x="1000" y="680" href="#r1"/>
<use x="1000" y="1000" href="#r1"/>
<use x="760" y="1040" href="#r1"/>
<use x="960" y="880" href="#r1"/>
<use x="960" y="640" href="#r1"/>
<use x="1160" y="920" href="#r1"/>
<use x="1040" y="600" href="#r1"/>
<use x="800" y="1040" href="#r1"/>
<use x="880" y="920" href="#r1"/>
<use x="560" y="560" href="#r1"/>
<use x="600" y="400" href="#r1"/>
<use x="680" y="240" href="#r1"/>
<use x="640" y="840" href="#r1"/>
<use x="720" y="640" href="#r1"/>
<use x="760" y="520" href="#r1"/>
<use x="680" y="640" href="#r1"/>
<use x="320" y="560" href="#r1"/>
<use x="640" y="880" href="#r1"/>
<use x="520" y="920" href="#r1"/>
<use x="1280" y="1080" href="#r1"/>
<use x="840" y="800" href="#r1"/>
<use x="720" y="880" href="#r1"/>
<use x="440" y="520" href="#r1"/>
<use x="320" y="880" href="#r1"/>
<use x="480" y="720" href="#r1"/>
<use x="440" y="680" href="#r1"/>
<use x="600" y="960" href="#r1"/>
<use x="560" y="680" href="#r1"/>
<use x="600" y="1040" href="#r1"/>
<use x="640" y="1000" href="#r1"/>
<use x="880" y="800" href="#r1"/>
<use x="480" y="800" href="#r1"/>
<use x="1080" y="720" href="#r1"/>
<use x="760" y="800" href="#r1"/>
<use x="560" y="1040" href="#r1"/>
<use x="440" y="1040" href="#r1"/>
<use x="1120" y="880" href="#r1"/>
<use x="880" y="1120" href="#r1"/>
<use x="400" y="1000" href="#r1"/>
<use x="320" y="480" href="#r1"/>
<use x="400" y="440" href="#r1"/>
<use x="560" y="960" href="#r1"/>
<use x="480" y="1240" href="#r1"/>
<use x="760" y="640" href="#r1"/>
<use x="400" y="1120" href="#r1"/>
<use x="600" y="880" href="#r1"/>
<use x="1200" y="1320" href="#r1"/>
<use x="560" y="920" href="#r1"/>
<use x="800" y="520" href="#r1"/>
<use x="360" y="920" href="#r1"/>
<use x="440" y="760" href="#r1"/>
<use x="1800" y="1040" href="#r1"/>
<use x="520" y="360" href="#r1"/>
<use x="800" y="120" href="#r1"/>
<use x="760" y="560" href="#r1"/>
<use x="1080" y="1000" href="#r1"/>
<use x="680" y="1000" href="#r1"/>
<use x="280" y="1080" href="#r1"/>
<use x="600" y="920" href="#r1"/>
<use x="920" y="760" href="#r1"/>
<use x="360" y="840" href="#r1"/>
<use x="1760" y="840" href="#r1"/>
<use x="680" y="800" href="#r1"/>
<use x="1080" y="600" href="#r1"/>
<use x="800" y="320" href="#r1"/>
<use x="240" y="1080" href="#r1"/>
<use x="560" y="640" href="#r1"/>
<use x="1240" y="720" href="#r1"/>
<use x="1520" y="1120" href="#r1"/>
<use x="800" y="720" href="#r1"/>
<use x="920" y="520" href="#r1"/>
<use x="960" y="520" href="#r1"/>
<use x="960" y="1000" href="#r1"/>
<use x="520" y="880" href="#r1"/>
<use x="840" y="600" href="#r1"/>
<use x="600" y="760" href="#r1"/>
<use x="1320" y="680" href="#r1"/>
<use x="520" y="960" href="#r1"/>
<use x="160" y="1240" href="#r1"/>
<use x="0" y="800" href="#r1"/>
<use x="200" y="600" href="#r1"/>
<use x="1040" y="720" href="#r1"/>
<use x="840" y="1360" href="#r1"/>
<use x="1720" y="1040" href="#r1"/>
<use x="840" y="640" href="#r1"/>
<use x="1280" y="760" href="#r1"/>
<use x="480" y="1000" href="#r1"/>
<use x="80" y="1120" href="#r1"/>
<use x="400" y="1280" href="#r1"/>
<use x="560" y="1400" href="#r1"/>
<use x="320" y="840" href="#r1"/>
<use x="320" y="1040" href="#r1"/>
<use x="640" y="1320" href="#r1"/>
<use x="600" y="640" href="#r1"/>
<use x="720" y="760" href="#r1"/>
<use x="640" y="800" href="#r1"/>
<use x="880" y="720" href="#r1"/>
<use x="1120" y="280" href="#r1"/>
<use x="1800" y="840" href="#r1"/>
<use x="1600" y="840" href="#r1"/>
<use x="1120" y="640" href="#r1"/>
<use x="1200" y="840" href="#r1"/>
<use x="1000" y="440" href="#r1"/>
<use x="200" y="1080" href="#r1"/>
<use x="1240" y="680" href="#r1"/>
<use x="1040" y="840" href="#r1"/>
<use x="640" y="1280" href="#r1"/>
<use x="1120" y="1120" href="#r1"/>
<use x="1240" y="1080" href="#r1"/>
<use x="1400" y="1160" href="#r1"/>
<use x="1040" y="1280" href="#r1"/>
<use x="1000" y="600" href="#r1"/>
<use x="1320" y="640" href="#r1"/>
<use x="1160" y="1000" href="#r1"/>
<use x="1200" y="1480" href="#r1"/>
<use x="720" y="1040" href="#r1"/>
<use x="1320" y="840" href="#r1"/>
<use x="960" y="1360" href="#r1"/>
<use x="1000" y="1360" href="#r1"/>
<use x="1120" y="920" href="#r1"/>
<use x="1200" y="800" href="#r1"/>
<use x="760" y="920" href="#r1"/>
<use x="640" y="680" href="#r1"/>
<use x="1360" y="1160" href="#r1"/>
<use x="680" y="320" href="#r1"/>
<use x="960" y="800" href="#r1"/>
<use x="1160" y="1080" href="#r1"/>
<use x="1160" y="1160" href="#r1"/>
<use x="1320" y="920" href="#r1"/>
<use x="1600" y="1160" href="#r1"/>
<use x="1360" y="1080" href="#r1"/>
<use x="680" y="1280" href="#r1"/>
<use x="1200" y="960" href="#r1"/>
<use x="1200" y="1400" href="#r1"/>
<use x="440" y="720" href="#r1"/>
<use x="360" y="520" href="#r1"/>
<use x="320" y="520" href="#r1"/>
<use x="280" y="520" href="#r1"/>
<use x="480" y="520" href="#r1"/>
<use x="400" y="720" href="#r1"/>
<use x="440" y="800" href="#r1"/>
<use x="400" y="880" href="#r1"/>
<use x="280" y="880" href="#r1"/>
<use x="360" y="880" href="#r1"/>
<use x="600" y="800" href="#r1"/>
<use x="160" y="360" href="#r1"/>
<use x="480" y="600" href="#r1"/>
<use x="760" y="840" href="#r1"/>
<use x="800" y="440" href="#r1"/>
<use x="640" y="1160" href="#r1"/>
<use x="480" y="920" href="#r1"/>
<use x="680" y="1040" href="#r1"/>
<use x="320" y="400" href="#r1"/>
<use x="80" y="520" href="#r1"/>
<use x="840" y="720" href="#r1"/>
<use x="1040" y="520" href="#r1"/>
<use x="1200" y="640" href="#r1"/>
<use x="1040" y="480" href="#r1"/>
<use x="1080" y="680" href="#r1"/>
<use x="1200" y="680" href="#r1"/>
<use x="1280" y="680" href="#r1"/>
<use x="1200" y="760" href="#r1"/>
<use x="1120" y="760" href="#r1"/>
<use x="1360" y="840" href="#r1"/>
<use x="1160" y="520" href="#r1"/>
<use x="1160" y="560" href="#r1"/>
<use x="1400" y="480" href="#r1"/>
<use x="1000" y="280" href="#r1"/>
<use x="1160" y="400" href="#r1"/>
<use x="1120" y="600" href="#r1"/>
<use x="1360" y="800" href="#r1"/>
<use x="1280" y="320" href="#r1"/>
<use x="1240" y="400" href="#r1"/>
<use x="720" y="200" href="#r1"/>
<use x="840" y="440" href="#r1"/>
<use x="1680" y="1160" href="#r1"/>
<use x="1120" y="560" href="#r1"/>
<use x="1280" y="800" href="#r1"/>
<use x="1360" y="920" href="#r1"/>
<use x="1160" y="960" href="#r1"/>
<use x="1560" y="840" href="#r1"/>
<use x="1120" y="320" href="#r1"/>
<use x="1240" y="480" href="#r1"/>
<use x="920" y="440" href="#r1"/>
<use x="960" y="160" href="#r1"/>
<use x="920" y="160" href="#r1"/>
<use x="1320" y="560" href="#r1"/>
<use x="1000" y="400" href="#r1"/>
<use x="1040" y="360" href="#r1"/>
<use x="1160" y="1280" href="#r1"/>
<use x="1560" y="1280" href="#r1"/>
<use x="1520" y="1080" href="#r1"/>
<use x="1120" y="800" href="#r1"/>
<use x="1160" y="640" href="#r1"/>
<use x="1760" y="1160" href="#r1"/>
<use x="1240" y="880" href="#r1"/>
<use x="1480" y="1400" href="#r1"/>
<use x="1560" y="1120" href="#r1"/>
<use x="1560" y="1320" href="#r1"/>
<use x="880" y="680" href="#r1"/>
<use x="1480" y="960" href="#r1"/>
<use x="1880" y="1160" href="#r1"/>
<use x="1640" y="1120" href="#r1"/>
<use x="1680" y="1120" href="#r1"/>
<use x="1600" y="1240" href="#r1"/>
<use x="1520" y="1440" href="#r1"/>
<use x="1200" y="1440" href="#r1"/>
<use x="920" y="560" href="#r1"/>
<use x="560" y="400" href="#r1"/>
<use x="600" y="440" href="#r1"/>
<use x="600" y="240" href="#r1"/>
<use x="880" y="560" href="#r1"/>
<use x="240" y="840" href="#r1"/>
<use x="80" y="1080" href="#r1"/>
<use x="1560" y="920" href="#r1"/>
<use x="1440" y="880" href="#r1"/>
<use x="1600" y="920" href="#r1"/>
<use x="400" y="920" href="#r1"/>
<use x="120" y="1120" href="#r1"/>
<use x="440" y="1000" href="#r1"/>
<use x="40" y="1080" href="#r1"/>
<use x="520" y="720" href="#r1"/>
<use x="1000" y="720" href="#r1"/>
<use x="400" y="520" href="#r1"/>
<use x="320" y="1240" href="#r1"/>
<use x="920" y="640" href="#r1"/>
<use x="1240" y="1000" href="#r1"/>
<use x="600" y="520" href="#r1"/>
<use x="840" y="520" href="#r1"/>
<use x="680" y="520" href="#r1"/>
<use x="640" y="520" href="#r1"/>
<use x="560" y="520" href="#r1"/>
<use x="680" y="360" href="#r1"/>
<use x="600" y="560" href="#r1"/>
<use x="640" y="280" href="#r1"/>
<use x="520" y="560" href="#r1"/>
<use x="240" y="520" href="#r1"/>
<use x="280" y="200" href="#r1"/>
<use x="400" y="360" href="#r1"/>
<use x="720" y="520" href="#r1"/>
<use x="280" y="160" href="#r1"/>
<use x="840" y="680" href="#r1"/>
<use x="800" y="680" href="#r1"/>
<use x="320" y="280" href="#r1"/>
<use x="600" y="360" href="#r1"/>
<use x="600" y="320" href="#r1"/>
<use x="840" y="400" href="#r1"/>
<use x="720" y="320" href="#r1"/>
<use x="560" y="1080" href="#r1"/>
<use x="800" y="640" href="#r1"/>
<use x="640" y="640" href="#r1"/>
<use x="720" y="800" href="#r1"/>
<use x="1000" y="880" href="#r1"/>
<use x="560" y="880" href="#r1"/>
<use x="840" y="880" href="#r1"/>
<use x="800" y="240" href="#r1"/>
<use x="640" y="240" href="#r1"/>
<use x="720" y="680" href="#r1"/>
<use x="760" y="680" href="#r1"/>
<use x="1040" y="680" href="#r1"/>
<use x="800" y="200" href="#r1"/>
<use x="800" y="880" href="#r1"/>
<use x="1200" y="1120" href="#r1"/>
<use x="840" y="960" href="#r1"/>
<use x="800" y="800" href="#r1"/>
<use x="1000" y="800" href="#r1"/>
<use x="1120" y="840" href="#r1"/>
<use x="800" y="840" href="#r1"/>
<use x="800" y="960" href="#r1"/>
<use x="760" y="1080" href="#r1"/>
<use x="600" y="1000" href="#r1"/>
<use x="880" y="1160" href="#r1"/>
<use x="880" y="640" href="#r1"/>
<use x="800" y="760" href="#r1"/>
<use x="920" y="1040" href="#r1"/>
<use x="1000" y="920" href="#r1"/>
<use x="960" y="1200" href="#r1"/>
<use x="720" y="920" href="#r1"/>
<use x="800" y="1000" href="#r1"/>
<use x="1080" y="920" href="#r1"/>
<use x="800" y="920" href="#r1"/>
<use x="1400" y="1080" href="#r1"/>
<use x="1280" y="840" href="#r1"/>
<use x="1400" y="800" href="#r1"/>
<use x="1000" y="1280" href="#r1"/>
<use x="960" y="1280" href="#r1"/>
<use x="1600" y="1280" href="#r1"/>
<use x="440" y="1280" href="#r1"/>
<use x="720" y="1280" href="#r1"/>
<use x="640" y="1040" href="#r1"/>
<use x="840" y="1320" href="#r1"/>
<use x="1040" y="960" href="#r1"/>
<use x="1400" y="1480" href="#r1"/>
<use x="1200" y="1240" href="#r1"/>
<use x="1280" y="920" href="#r1"/>
<use x="480" y="1160" href="#r1"/>
<use x="840" y="1160" href="#r1"/>
<use x="440" y="1160" href="#r1"/>
<use x="840" y="1200" href="#r1"/>
<use x="800" y="1200" href="#r1"/>
<use x="960" y="1320" href="#r1"/>
<use x="960" y="920" href="#r1"/>
<use x="1000" y="1240" href="#r1"/>
<use x="1040" y="1360" href="#r1"/>
<use x="1400" y="1120" href="#r1"/>
<use x="880" y="1040" href="#r1"/>
<use x="560" y="1280" href="#r1"/>
<use x="1080" y="1400" href="#r1"/>
<use x="440" y="1120" href="#r1"/>
<use x="520" y="1120" href="#r1"/>
<use x="360" y="1120" href="#r1"/>
<use x="320" y="1120" href="#r1"/>
<use x="280" y="1120" href="#r1"/>
<use x="240" y="1120" href="#r1"/>
<use x="1280" y="1360" href="#r1"/>
<use x="1480" y="1280" href="#r1"/>
<use x="1520" y="1280" href="#r1"/>
<use x="1000" y="960" href="#r1"/>
<use x="1720" y="1160" href="#r1"/>
<use x="1560" y="1240" href="#r1"/>
<use x="1360" y="1240" href="#r1"/>
<use x="1400" y="1200" href="#r1"/>
<use x="1320" y="1200" href="#r1"/>
<use x="1320" y="1040" href="#r1"/>
<use x="1360" y="1040" href="#r1"/>
<use x="1400" y="1040" href="#r1"/>
<use x="1560" y="1080" href="#r1"/>
<use x="1600" y="1080" href="#r1"/>
<use x="360" y="1040" href="#r1"/>
<use x="520" y="1000" href="#r1"/>
<use x="720" y="1000" href="#r1"/>
<use x="120" y="1160" href="#r1"/>
<use x="680" y="960" href="#r1"/>
<use x="640" y="960" href="#r1"/>
<use x="480" y="960" href="#r1"/>
<use x="160" y="1080" href="#r1"/>
<use x="1360" y="1480" href="#r1"/>
<use x="840" y="1400" href="#r1"/>
<use x="600" y="720" href="#r1"/>
<use x="520" y="1240" href="#r1"/>
<use x="880" y="1520" href="#r1"/>
<use x="1760" y="1360" href="#r1"/>
<use x="880" y="960" href="#r1"/>
<use x="400" y="1240" href="#r1"/>
<use x="400" y="1200" href="#r1"/>
<use x="360" y="1200" href="#r1"/>
<use x="680" y="1400" href="#r1"/>
<use x="640" y="1400" href="#r1"/>
<use x="760" y="1400" href="#r1"/>
<use x="600" y="1400" href="#r1"/>
<use x="560" y="1320" href="#r1"/>
<use x="320" y="1200" href="#r1"/>
<use x="360" y="1240" href="#r1"/>
<use x="40" y="1160" href="#r1"/>
<use x="240" y="1160" href="#r1"/>
<use x="0" y="1160" href="#r1"/>
<use x="360" y="1160" href="#r1"/>
<use x="720" y="1160" href="#r1"/>
<use x="1200" y="1560" href="#r1"/>
<use x="920" y="1440" href="#r1"/>
<use x="840" y="760" href="#r1"/>
<use x="680" y="1160" href="#r1"/>
<use x="440" y="1200" href="#r1"/>
<use x="720" y="1240" href="#r1"/>
<use x="1040" y="1400" href="#r1"/>
<use x="1000" y="1200" href="#r1"/>
<use x="1200" y="1160" href="#r1"/>
<use x="920" y="1360" href="#r1"/>
<use x="1160" y="1360" href="#r1"/>
<use x="1120" y="1520" href="#r1"/>
<use x="1200" y="1520" href="#r1"/>
<use x="960" y="1480" href="#r1"/>
<use x="680" y="1200" href="#r1"/>
<use x="600" y="1240" href="#r1"/>
<use x="880" y="1240" href="#r1"/>
<use x="1240" y="920" href="#r1"/>
<use x="1200" y="1600" href="#r1"/>
<use x="920" y="1240" href="#r1"/>
<use x="1360" y="880" href="#r1"/>
<use x="920" y="1200" href="#r1"/>
<use x="1160" y="1600" href="#r1"/>
<use x="1160" y="1480" href="#r1"/>
<use x="1120" y="1080" href="#r1"/>
<use x="1120" y="1000" href="#r1"/>
<use x="480" y="1040" href="#r1"/>
<use x="760" y="1280" href="#r1"/>
<use x="960" y="1440" href="#r1"/>
<use x="960" y="1400" href="#r1"/>
<use x="1080" y="1360" href="#r1"/>
<use x="800" y="1120" href="#r1"/>
<use x="200" y="1120" href="#r1"/>
<use x="720" y="1080" href="#r1"/>
<use x="1160" y="800" href="#r1"/>
<use x="720" y="1320" href="#r1"/>
<use x="1280" y="880" href="#r1"/>
<use x="960" y="1040" href="#r1"/>
<use x="880" y="760" href="#r1"/>
<use x="600" y="1120" href="#r1"/>
<use x="920" y="960" href="#r1"/>
<use x="1040" y="920" href="#r1"/>
<use x="840" y="1280" href="#r1"/>
<use x="640" y="1120" href="#r1"/>
<use x="1160" y="720" href="#r1"/>
<use x="920" y="800" href="#r1"/>
<use x="1440" y="1160" href="#r1"/>
<use x="1640" y="1160" href="#r1"/>
<use x="960" y="1120" href="#r1"/>
<use x="760" y="760" href="#r1"/>
<use x="400" y="1080" href="#r1"/>
<use x="360" y="1080" href="#r1"/>
<use x="720" y="1200" href="#r1"/>
<use x="560" y="1120" href="#r1"/>
<use x="640" y="1240" href="#r1"/>
<use x="680" y="840" href="#r1"/>
<use x="680" y="880" href="#r1"/>
<use x="840" y="1040" href="#r1"/>
<use x="1160" y="1200" href="#r1"/>
<use x="1480" y="1160" href="#r1"/>
<use x="960" y="1240" href="#r1"/>
<use x="1080" y="1280" href="#r1"/>
<use x="1120" y="1240" href="#r1"/>
<use x="920" y="1280" href="#r1"/>
<use x="560" y="1240" href="#r1"/>
<use x="880" y="1400" href="#r1"/>
<use x="880" y="1720" href="#r1"/>
<use x="600" y="1280" href="#r1"/>
<use x="1120" y="1640" href="#r1"/>
<use x="760" y="1320" href="#r1"/>
<use x="880" y="1000" href="#r1"/>
<use x="1080" y="1440" href="#r1"/>
<use x="920" y="1400" href="#r1"/>
<use x="400" y="1160" href="#r1"/>
<use x="320" y="1160" href="#r1"/>
<use x="1160" y="1560" href="#r1"/>
<use x="1400" y="960" href="#r1"/>
<use x="480" y="1120" href="#r1"/>
<use x="760" y="1360" href="#r1"/>
<use x="880" y="1320" href="#r1"/>
<use x="680" y="1360" href="#r1"/>
<use x="1200" y="1280" href="#r1"/>
<use x="480" y="1280" href="#r1"/>
<use x="1160" y="680" href="#r1"/>
<use x="1160" y="1040" href="#r1"/>
<use x="960" y="600" href="#r1"/>
<use x="880" y="520" href="#r1"/>
<use x="280" y="1160" href="#r1"/>
<use x="1920" y="1160" href="#r1"/>
<use x="560" y="1000" href="#r1"/>
<use x="1080" y="960" href="#r1"/>
<use x="200" y="1160" href="#r1"/>
<use x="920" y="680" href="#r1"/>
<use x="1800" y="1160" href="#r1"/>
<use x="720" y="1360" href="#r1"/>
<use x="1400" y="880" href="#r1"/>
<use x="400" y="1040" href="#r1"/>
<use x="1240" y="800" href="#r1"/>
<use x="1520" y="1400" href="#r1"/>
<use x="160" y="1160" href="#r1"/>
<use x="920" y="1000" href="#r1"/>
<use x="760" y="720" href="#r1"/>
<use x="360" y="1280" href="#r1"/>
<use x="1400" y="1320" href="#r1"/>
<use x="1720" y="1080" href="#r1"/>
<use x="1600" y="1040" href="#r1"/>
<use x="1640" y="1040" href="#r1"/>
<use x="1760" y="1120" href="#r1"/>
<use x="200" y="1040" href="#r1"/>
<use x="280" y="840" href="#r1"/>
<use x="680" y="1320" href="#r1"/>
<use x="1480" y="1320" href="#r1"/>
<use x="1040" y="1560" href="#r1"/>
<use x="1000" y="1560" href="#r1"/>
<use x="1080" y="1560" href="#r1"/>
<use x="1240" y="1600" href="#r1"/>
<use x="720" y="960" href="#r1"/>
<use x="40" y="1120" href="#r1"/>
<use x="1480" y="1040" href="#r1"/>
<use x="1800" y="1120" href="#r1"/>
<use x="1120" y="1320" href="#r1"/>
<use x="1080" y="560" href="#r1"/>
<use x="1680" y="840" href="#r1"/>
<use x="1320" y="760" href="#r1"/>
<use x="800" y="1480" href="#r1"/>
<use x="0" y="1120" href="#r1"/>
<use x="1840" y="1200" href="#r1"/>
<use x="1480" y="840" href="#r1"/>
<use x="1280" y="1160" href="#r1"/>
<use x="1280" y="1480" href="#r1"/>
<use x="1800" y="1080" href="#r1"/>
<use x="1240" y="1280" href="#r1"/>
<use x="1080" y="1240" href="#r1"/>
<use x="1080" y="1320" href="#r1"/>
<use x="1200" y="1200" href="#r1"/>
<use x="1320" y="1160" href="#r1"/>
<use x="1160" y="1320" href="#r1"/>
<use x="1640" y="1480" href="#r1"/>
<use x="1680" y="1480" href="#r1"/>
<use x="1640" y="1520" href="#r1"/>
<use x="1600" y="1480" href="#r1"/>
<use x="1440" y="1480" href="#r1"/>
<use x="1520" y="1480" href="#r1"/>
<use x="1560" y="1480" href="#r1"/>
<use x="1480" y="1440" href="#r1"/>
<use x="1480" y="1520" href="#r1"/>
<use x="840" y="480" href="#r1"/>
<use x="920" y="480" href="#r1"/>
<use x="1000" y="1120" href="#r1"/>
<use x="880" y="1440" href="#r1"/>
<use x="1000" y="1160" href="#r1"/>
<use x="880" y="1280" href="#r1"/>
<use x="480" y="1080" href="#r1"/>
<use x="1040" y="1080" href="#r1"/>
<use x="1080" y="1080" href="#r1"/>
<use x="680" y="1120" href="#r1"/>
<use x="840" y="1240" href="#r1"/>
<use x="920" y="720" href="#r1"/>
<use x="800" y="480" href="#r1"/>
<use x="920" y="840" href="#r1"/>
<use x="800" y="1240" href="#r1"/>
<use x="920" y="920" href="#r1"/>
<use x="840" y="920" href="#r1"/>
<use x="880" y="840" href="#r1"/>
<use x="600" y="840" href="#r1"/>
<use x="720" y="840" href="#r1"/>
<use x="920" y="880" href="#r1"/>
<use x="600" y="1080" href="#r1"/>
<use x="680" y="1080" href="#r1"/>
<use x="640" y="1080" href="#r1"/>
<use x="320" y="1080" href="#r1"/>
<use x="520" y="1080" href="#r1"/>
<use x="800" y="1080" href="#r1"/>
<use x="560" y="840" href="#r1"/>
<use x="1440" y="1120" href="#r1"/>
<use x="520" y="1040" href="#r1"/>
<use x="1320" y="1080" href="#r1"/>
<use x="840" y="1000" href="#r1"/>
<use x="1200" y="880" href="#r1"/>
<use x="560" y="1160" href="#r1"/>
<use x="880" y="1200" href="#r1"/>
<use x="920" y="1160" href="#r1"/>
<use x="440" y="1080" href="#r1"/>
<use x="1760" y="1040" href="#r1"/>
<use x="520" y="1160" href="#r1"/>
<use x="640" y="920" href="#r1"/>
<use x="1720" y="1360" href="#r1"/>
<use x="880" y="880" href="#r1"/>
<use x="1160" y="840" href="#r1"/>
<use x="1000" y="840" href="#r1"/>
<use x="200" y="840" href="#r1"/>
<use x="1240" y="1200" href="#r1"/>
<use x="1200" y="1040" href="#r1"/>
<use x="1520" y="1160" href="#r1"/>
<use x="960" y="1160" href="#r1"/>
<use x="1440" y="840" href="#r1"/>
<use x="520" y="840" href="#r1"/>
<use x="480" y="840" href="#r1"/>
<use x="960" y="760" href="#r1"/>
<use x="1960" y="1160" href="#r1"/>
<use x="1280" y="1200" href="#r1"/>
<use x="1640" y="1240" href="#r1"/>
<use x="1040" y="1240" href="#r1"/>
<use x="1520" y="840" href="#r1"/>
<use x="1040" y="760" href="#r1"/>
<use x="440" y="840" href="#r1"/>
<use x="1480" y="880" href="#r1"/>
<use x="1400" y="1240" href="#r1"/>
<use x="1520" y="1240" href="#r1"/>
<use x="640" y="1200" href="#r1"/>
<use x="1120" y="1280" href="#r1"/>
<use x="400" y="840" href="#r1"/>
<use x="160" y="840" href="#r1"/>
<use x="960" y="840" href="#r1"/>
<use x="1640" y="840" href="#r1"/>
<use x="1000" y="1320" href="#r1"/>
<use x="800" y="1400" href="#r1"/>
<use x="880" y="1360" href="#r1"/>
<use x="1280" y="1440" href="#r1"/>
<use x="440" y="880" href="#r1"/>
<use x="1400" y="1360" href="#r1"/>
<use x="1320" y="1640" href="#r1"/>
<use x="1240" y="1320" href="#r1"/>
<use x="920" y="1120" href="#r1"/>
<use x="1600" y="1120" href="#r1"/>
<use x="1000" y="1080" href="#r1"/>
<use x="1640" y="1080" href="#r1"/>
<use x="160" y="1120" href="#r1"/>
<use x="1680" y="1080" href="#r1"/>
<use x="1000" y="1040" href="#r1"/>
<use x="1080" y="1040" href="#r1"/>
<use x="1440" y="920" href="#r1"/>
<use x="1560" y="1040" href="#r1"/>
<use x="1520" y="920" href="#r1"/>
<use x="1680" y="1040" href="#r1"/>
<use x="1520" y="1040" href="#r1"/>
<use x="920" y="1080" href="#r1"/>
<use x="240" y="1040" href="#r1"/>
<use x="1720" y="1120" href="#r1"/>
<use x="1760" y="1080" href="#r1"/>
<use x="760" y="960" href="#r1"/>
<use x="720" y="1400" href="#r1"/>
<use x="720" y="1680" href="#r1"/>
<use x="600" y="1560" href="#r1"/>
<use x="920" y="1600" href="#r1"/>
<use x="920" y="1720" href="#r1"/>
<use x="720" y="1560" href="#r1"/>
<use x="880" y="1560" href="#r1"/>
<use x="1080" y="1760" href="#r1"/>
<use x="760" y="1760" href="#r1"/>
<use x="800" y="1640" href="#r1"/>
<use x="920" y="1520" href="#r1"/>
<use x="840" y="1520" href="#r1"/>
<use x="520" y="1400" href="#r1"/>
<use x="1080" y="1640" href="#r1"/>
<use x="1080" y="760" href="#r1"/>
<use x="720" y="1120" href="#r1"/>
<use x="1040" y="1200" href="#r1"/>
<use x="600" y="1160" href="#r1"/>
<use x="1120" y="1560" href="#r1"/>
<use x="960" y="1080" href="#r1"/>
<use x="1280" y="960" href="#r1"/>
<use x="760" y="1200" href="#r1"/>
<use x="760" y="1160" href="#r1"/>
<use x="880" y="1080" href="#r1"/>
<use x="440" y="1240" href="#r1"/>
<use x="1120" y="1160" href="#r1"/>
<use x="800" y="1160" href="#r1"/>
<use x="760" y="1120" href="#r1"/>
<use x="600" y="1200" href="#r1"/>
<use x="840" y="840" href="#r1"/>
<use x="960" y="960" href="#r1"/>
<use x="1160" y="1120" href="#r1"/>
<use x="560" y="1200" href="#r1"/>
<use x="1080" y="1520" href="#r1"/>
<use x="800" y="1440" href="#r1"/>
<use x="1640" y="1400" href="#r1"/>
<use x="1040" y="1440" href="#r1"/>
<use x="1000" y="1520" href="#r1"/>
<use x="1160" y="1400" href="#r1"/>
<use x="1280" y="1520" href="#r1"/>
<use x="1040" y="1160" href="#r1"/>
<use x="1040" y="1520" href="#r1"/>
<use x="1120" y="1400" href="#r1"/>
<use x="1120" y="1440" href="#r1"/>
<use x="1080" y="1160" href="#r1"/>
<use x="680" y="1440" href="#r1"/>
<use x="1120" y="1360" href="#r1"/>
<use x="800" y="1280" href="#r1"/>
<use x="1320" y="800" href="#r1"/>
<use x="1000" y="1480" href="#r1"/>
<use x="1080" y="1720" href="#r1"/>
<use x="1240" y="960" href="#r1"/>
<use x="1320" y="880" href="#r1"/>
<use x="1320" y="960" href="#r1"/>
<use x="1240" y="1520" href="#r1"/>
<use x="840" y="1440" href="#r1"/>
<use x="1040" y="1320" href="#r1"/>
<use x="760" y="1440" href="#r1"/>
<use x="720" y="1440" href="#r1"/>
<use x="1240" y="1160" href="#r1"/>
<use x="1360" y="960" href="#r1"/>
<use x="1440" y="960" href="#r1"/>
<use x="1240" y="1120" href="#r1"/>
<use x="1560" y="1160" href="#r1"/>
<use x="1560" y="960" href="#r1"/>
<use x="800" y="1360" href="#r1"/>
<use x="1000" y="1440" href="#r1"/>
<use x="1080" y="1600" href="#r1"/>
<use x="1040" y="1600" href="#r1"/>
<use x="1360" y="1000" href="#r1"/>
<use x="1000" y="1400" href="#r1"/>
<use x="760" y="1240" href="#r1"/>
<use x="1360" y="1440" href="#r1"/>
<use x="1320" y="1480" href="#r1"/>
<use x="1320" y="1600" href="#r1"/>
<use x="1440" y="1080" href="#r1"/>
<use x="1320" y="1240" href="#r1"/>
<use x="1480" y="1080" href="#r1"/>
<use x="1400" y="1280" href="#r1"/>
<use x="1360" y="1120" href="#r1"/>
<use x="1280" y="1040" href="#r1"/>
<use x="1360" y="1400" href="#r1"/>
<use x="1240" y="1360" href="#r1"/>
<use x="1160" y="1520" href="#r1"/>
<use x="1480" y="1480" href="#r1"/>
<use x="1600" y="1360" href="#r1"/>
<use x="1240" y="1400" href="#r1"/>
<use x="1400" y="1400" href="#r1"/>
<use x="1440" y="1280" href="#r1"/>
<use x="1480" y="1240" href="#r1"/>
<use x="1440" y="1320" href="#r1"/>
<use x="1280" y="1400" href="#r1"/>
<use x="920" y="1320" href="#r1"/>
<use x="1520" y="960" href="#r1"/>
<use x="1400" y="920" href="#r1"/>
<use x="1440" y="1400" href="#r1"/>
<use x="1360" y="1640" href="#r1"/>
<use x="1400" y="1600" href="#r1"/>
<use x="1360" y="1600" href="#r1"/>
<use x="1440" y="1600" href="#r1"/>
<use x="1120" y="1600" href="#r1"/>
<use x="1280" y="1600" href="#r1"/>
<use x="1320" y="1520" href="#r1"/>
<use x="1240" y="1680" href="#r1"/>
<use x="1120" y="1200" href="#r1"/>
<use x="1360" y="1200" href="#r1"/>
<use x="1440" y="1200" href="#r1"/>
<use x="1480" y="1200" href="#r1"/>
<use x="1520" y="1200" href="#r1"/>
<use x="1080" y="1200" href="#r1"/>
<use x="1560" y="1200" href="#r1"/>
<use x="1600" y="1200" href="#r1"/>
<use x="520" y="1200" href="#r1"/>
<use x="1800" y="1200" href="#r1"/>
<use x="1760" y="1200" href="#r1"/>
<use x="1840" y="1160" href="#r1"/>
<use x="1640" y="1200" href="#r1"/>
<use x="1680" y="1200" href="#r1"/>
<use x="1720" y="1200" href="#r1"/>
<use x="1480" y="920" href="#r1"/>
<use x="560" y="1360" href="#r1"/>
<use x="1600" y="1400" href="#r1"/>
<use x="1280" y="1640" href="#r1"/>
<use x="840" y="1480" href="#r1"/>
<use x="1680" y="880" href="#r1"/>
<use x="1440" y="640" href="#r1"/>
<use x="440" y="920" href="#r1"/>
<use x="1040" y="1000" href="#r1"/>
<use x="120" y="1080" href="#r1"/>
<use x="1120" y="960" href="#r1"/>
<use x="280" y="1040" href="#r1"/>
<use x="480" y="1200" href="#r1"/>
<use x="160" y="1040" href="#r1"/>
<use x="120" y="1040" href="#r1"/>
<use x="320" y="920" href="#r1"/>
<use x="80" y="1040" href="#r1"/>
<use x="80" y="1160" href="#r1"/>
<use x="360" y="1000" href="#r1"/>
<use x="280" y="920" href="#r1"/>
<use x="320" y="1000" href="#r1"/>
<use x="440" y="960" href="#r1"/>
<use x="480" y="880" href="#r1"/>
<use x="1240" y="1040" href="#r1"/>
<use x="1240" y="840" href="#r1"/>
<use x="1440" y="1000" href="#r1"/>
<use x="840" y="1120" href="#r1"/>
<use x="1160" y="880" href="#r1"/>
<use x="1440" y="1040" href="#r1"/>
<use x="1320" y="1280" href="#r1"/>
<use x="1720" y="1400" href="#r1"/>
<use x="1680" y="1360" href="#r1"/>
<use x="1360" y="1560" href="#r1"/>
<use x="1480" y="1120" href="#r1"/>
<use x="1520" y="1320" href="#r1"/>
<use x="1400" y="1440" href="#r1"/>
<use x="1080" y="1120" href="#r1"/>
<use x="1840" y="1440" href="#r1"/>
<use x="1840" y="1400" href="#r1"/>
<use x="1080" y="800" href="#r1"/>
<use x="1240" y="760" href="#r1"/>
<use x="680" y="920" href="#r1"/>
<use x="600" y="200" href="#r1"/>
<use x="1040" y="1120" href="#r1"/>
<use x="1280" y="1120" href="#r1"/>
<use x="1280" y="1240" href="#r1"/>
<use x="1240" y="1240" href="#r1"/>
<use x="1280" y="1320" href="#r1"/>
<use x="1200" y="1360" href="#r1"/>
<use x="1440" y="760" href="#r1"/>
<use x="1440" y="1240" href="#r1"/>
<use x="1720" y="840" href="#r1"/>
<use x="1680" y="800" href="#r1"/>
<use x="1680" y="1400" href="#r1"/>
<use x="1680" y="1640" href="#r1"/>
<use x="1440" y="1360" href="#r1"/>
<use x="1640" y="1360" href="#r1"/>
<use x="1480" y="1360" href="#r1"/>
<use x="1560" y="1360" href="#r1"/>
<use x="1520" y="1360" href="#r1"/>
<use x="1440" y="1440" href="#r1"/>
<use x="1160" y="1440" href="#r1"/>
<use x="1520" y="1680" href="#r1"/>
<use x="1400" y="1560" href="#r1"/>
<use x="1560" y="1400" href="#r1"/>
<use x="1360" y="1680" href="#r1"/>
<use x="1320" y="1360" href="#r1"/>
<use x="1320" y="1400" href="#r1"/>
<use x="1320" y="1440" href="#r1"/>
<use x="1360" y="1360" href="#r1"/>
<use x="1320" y="1320" href="#r1"/>
<use x="1360" y="1320" href="#r1"/>
<use x="1320" y="1120" href="#r1"/>
<use x="960" y="720" href="#r1"/>
<use x="1120" y="1040" href="#r1"/>
<use x="680" y="760" href="#r1"/>
<use x="1360" y="1280" href="#r1"/>
<use x="1280" y="1280" href="#r1"/>
<use x="1040" y="640" href="#r1"/>
<use x="1200" y="320" href="#r1"/>
<use x="760" y="1000" href="#r1"/>
<use x="640" y="720" href="#r1"/>
<use x="1440" y="720" href="#r1"/>
<use x="800" y="1320" href="#r1"/>
<use x="1080" y="880" href="#r1"/>
<use x="920" y="80" href="#r1"/>
<use x="1400" y="840" href="#r1"/>
<use x="560" y="720" href="#r1"/>
=============================== warnings summary ===============================
tests/test_place.py::test_placement
  /media/lubuntu/USBDISK/miniconda3/lib/python3.9/site-packages/networkx/algorithms/bipartite/matching.py:569: FutureWarning: biadjacency_matrix will return a scipy.sparse array instead of a matrix in NetworkX 3.0
    weights_sparse = biadjacency_matrix(

-- Docs: https://docs.pytest.org/en/stable/how-to/capture-warnings.html

---------- coverage: platform linux, python 3.9.12-final-0 -----------
Name                              Stmts   Miss Branch BrPart  Cover   Missing
-----------------------------------------------------------------------------
src/nnsplace/__init__.py              6      0      0      0   100%
src/nnsplace/array_like.py           23      9      0      0    61%   26, 34, 42, 54, 57-58, 66, 77, 86
src/nnsplace/bpqueue.py              89     89     28      0     0%   2-289
src/nnsplace/dllist.py               63     63      2      0     0%   1-330
src/nnsplace/min_cycle_ratio.py      16      3      8      0    71%   16-18
src/nnsplace/neg_cycle.py            76      9     35      1    87%   36->38, 155-165
src/nnsplace/neg_cycle_rev.py        57     57     25      0     0%   2-121
src/nnsplace/netlist.py             116     44     14      0    57%   28, 87, 95, 103, 111, 122, 145, 234-260, 275-280, 295, 313-319, 323-338
src/nnsplace/parametric.py           24      1     10      1    94%   45
src/nnsplace/placement.py           173      9     75      1    94%   115-122, 287
src/nnsplace/placement_cfg.py         4      0      0      0   100%
-----------------------------------------------------------------------------
TOTAL                               647    284    197      3    56%

=========================== short test summary info ============================
FAILED tests/test_place.py::test_placement - assert 19 < 0
=================== 1 failed, 1 passed, 1 warning in 12.77s ====================
