============================= test session starts ==============================
platform linux -- Python 3.9.13, pytest-7.1.2, pluggy-1.0.0 -- /media/lubuntu/USBDISK/miniconda3/bin/python
cachedir: .pytest_cache
hypothesis profile 'default' -> database=DirectoryBasedExampleDatabase('/media/lubuntu/USBDISK/github/luk036/py/nnsplace/.hypothesis/examples')
benchmark: 3.4.1 (defaults: timer=time.perf_counter disable_gc=False min_rounds=5 min_time=0.000005 max_time=1.0 calibration_precision=10 warmup=False warmup_iterations=100000)
rootdir: /media/lubuntu/USBDISK/github/luk036/py/nnsplace, configfile: setup.cfg
plugins: hypothesis-6.46.1, cov-3.0.0, benchmark-3.4.1
collecting ... collected 1 item

tests/test_place.py::test_placement FAILED                               [100%]

=================================== FAILURES ===================================
________________________________ test_placement ________________________________

    def test_placement():
        seed(831)
        H = read_json("testcases/p1.json")
        # count_2 = 0
        # count_3 = 0
        # count_rest = 0
        # for net in H.nets:
        #     deg = H.G.degree(net)
        #     if deg == 2:
        #         count_2 += 1
        #     elif deg == 3:
        #         count_3 += 1
        #     else:
        #         count_rest += 1
        # print(count_2, count_3, count_rest)
        # assert count_2 == 494
        # 00321C
        # EC0000
        n = H.number_of_modules()
        placer = NnsPlacer(H, NnsConfig(32, 32, 40, 40))
        place = [[], []]
        place[0] = [0 for _ in range(n)]  # x-direction
        place[1] = [0 for _ in range(n)]  # y-direction
        placer.init_placement(place)
        placer.io_assign(place)
        # assert place[0][1] == 1
        # assert place[1][1] == 0
        # assert placer.count[1][0] == 32
        # assert placer.count[1][26] == 1
        # assert placer.count[1][27] == 0
        # assert placer.count[0][0] == 27
        # assert placer.count[0][1] == 26
        hpwl_x = placer.calc_total_hull_length(place[0], 0)
        hpwl_y = placer.calc_total_hull_length(place[1], 1)
        print("Total HPWL before = {} + {} = {}".format(
            hpwl_x, hpwl_y, hpwl_x + hpwl_y))
        print("Worst wirelength before = {}".format(
            placer.calc_worst_wirelength(place)))
    
        # placer.io_assign(place)
        # placer.choose_nearest_iopad(place)
    
        niter, worst = placer.run(place, 2000)
        print("Number of iterations = {}".format(niter))
        hpwl_x = placer.calc_total_hull_length(place[0], 0)
        hpwl_y = placer.calc_total_hull_length(place[1], 1)
        print("Total HPWL after = {} + {} = {}".format(
            hpwl_x, hpwl_y, hpwl_x + hpwl_y))
        print("Worst wirelength after = {}".format(worst))
    
        num_cells = n - H.num_pads
        for i in range(0, num_cells):
            v = H.modules[i]
            print("<use x=\"{}\" y=\"{}\" href=\"#r1\"/>"
                  .format(place[0][v] * 40, place[1][v] * 40))
        for i in range(num_cells, n):
            vp = H.modules[i]
            print("<use x=\"{}\" y=\"{}\" href=\"#io\"/>"
                  .format(place[0][vp] * 40, place[1][vp] * 40))
        # for i in range(num_cells, n):
        #     vp = H.modules[i]
        #     # nbrs = list(placer.gr.neighbors(vp))
        #     # v = nbrs[0]
        #     for vi in placer.gr[vp]:
        #         # if vi >= num_cells:  # only non-io modules
        #         #     continue
        #         print("<line x1=\"{}\" y1=\"{}\" x2=\"{}\" y2=\"{}\"/>".format(
        #               place[0][vp] * 40 + 20, place[1][vp] * 40 + 20,
        #               place[0][vi] * 40 + 20, place[1][vi] * 40 + 20))
    
    #     for net in H.nets:
    #         adjs = iter(H.gr[net])
    #         v = next(adjs)
    #         px = place[0][v]
    #         py = place[1][v]
    #         bbox = Rectangle(Interval(px, px), Interval(py, py))
    #         for v in adjs:
    #             q = Point(place[0][v], place[1][v])
    #             bbox = bbox.hull_with(q)
    #         x = bbox.xcoord.lb * 40 + 10
    #         y = bbox.ycoord.lb * 40 + 10
    #         width = bbox.width() * 40
    #         height = bbox.height() * 40
    #         print("<rect class=\"net\" x=\"{}\" y=\"{}\" width=\"{}\" \
    # height=\"{}\"/>".format(x, y, width, height))
    
>       assert(place[0][1] < 0)
E       assert 14 < 0

tests/test_place.py:108: AssertionError
----------------------------- Captured stdout call -----------------------------
Total HPWL before = 516440 + 441080 = 957520
Worst wirelength before = 2240
init: 2240
    x-y: 1720
    x-y: 1800
run 1720
    x-y: 1760
run 1720
Number of iterations = 1
Total HPWL after = 301640 + 287000 = 588640
Worst wirelength after = 1720
<use x="360" y="1000" href="#r1"/>
<use x="560" y="440" href="#r1"/>
<use x="560" y="360" href="#r1"/>
<use x="1120" y="920" href="#r1"/>
<use x="1120" y="1040" href="#r1"/>
<use x="1200" y="960" href="#r1"/>
<use x="1000" y="80" href="#r1"/>
<use x="960" y="920" href="#r1"/>
<use x="1280" y="920" href="#r1"/>
<use x="440" y="880" href="#r1"/>
<use x="1120" y="1080" href="#r1"/>
<use x="880" y="400" href="#r1"/>
<use x="1120" y="1000" href="#r1"/>
<use x="1040" y="1040" href="#r1"/>
<use x="1240" y="920" href="#r1"/>
<use x="640" y="880" href="#r1"/>
<use x="960" y="240" href="#r1"/>
<use x="600" y="960" href="#r1"/>
<use x="480" y="1080" href="#r1"/>
<use x="1120" y="520" href="#r1"/>
<use x="720" y="880" href="#r1"/>
<use x="1160" y="960" href="#r1"/>
<use x="960" y="880" href="#r1"/>
<use x="480" y="1040" href="#r1"/>
<use x="1040" y="1120" href="#r1"/>
<use x="880" y="80" href="#r1"/>
<use x="680" y="1240" href="#r1"/>
<use x="840" y="880" href="#r1"/>
<use x="920" y="1040" href="#r1"/>
<use x="1120" y="880" href="#r1"/>
<use x="720" y="800" href="#r1"/>
<use x="560" y="920" href="#r1"/>
<use x="920" y="600" href="#r1"/>
<use x="960" y="1200" href="#r1"/>
<use x="1000" y="1000" href="#r1"/>
<use x="960" y="1000" href="#r1"/>
<use x="760" y="520" href="#r1"/>
<use x="1040" y="1240" href="#r1"/>
<use x="1000" y="1040" href="#r1"/>
<use x="1000" y="1160" href="#r1"/>
<use x="960" y="1160" href="#r1"/>
<use x="1000" y="1080" href="#r1"/>
<use x="960" y="1120" href="#r1"/>
<use x="920" y="1160" href="#r1"/>
<use x="880" y="1120" href="#r1"/>
<use x="960" y="400" href="#r1"/>
<use x="600" y="920" href="#r1"/>
<use x="840" y="1080" href="#r1"/>
<use x="1160" y="880" href="#r1"/>
<use x="1040" y="1200" href="#r1"/>
<use x="1040" y="1080" href="#r1"/>
<use x="960" y="1080" href="#r1"/>
<use x="1120" y="640" href="#r1"/>
<use x="920" y="880" href="#r1"/>
<use x="1160" y="920" href="#r1"/>
<use x="880" y="1040" href="#r1"/>
<use x="1120" y="1240" href="#r1"/>
<use x="800" y="1040" href="#r1"/>
<use x="840" y="1040" href="#r1"/>
<use x="1000" y="920" href="#r1"/>
<use x="960" y="960" href="#r1"/>
<use x="1040" y="960" href="#r1"/>
<use x="1160" y="1240" href="#r1"/>
<use x="920" y="280" href="#r1"/>
<use x="1240" y="960" href="#r1"/>
<use x="880" y="1280" href="#r1"/>
<use x="960" y="1040" href="#r1"/>
<use x="880" y="880" href="#r1"/>
<use x="1120" y="720" href="#r1"/>
<use x="1040" y="880" href="#r1"/>
<use x="880" y="1160" href="#r1"/>
<use x="960" y="720" href="#r1"/>
<use x="880" y="1080" href="#r1"/>
<use x="920" y="960" href="#r1"/>
<use x="720" y="1240" href="#r1"/>
<use x="1040" y="1160" href="#r1"/>
<use x="1120" y="1200" href="#r1"/>
<use x="720" y="760" href="#r1"/>
<use x="1000" y="1120" href="#r1"/>
<use x="400" y="920" href="#r1"/>
<use x="680" y="800" href="#r1"/>
<use x="560" y="680" href="#r1"/>
<use x="600" y="720" href="#r1"/>
<use x="920" y="1080" href="#r1"/>
<use x="480" y="1240" href="#r1"/>
<use x="1000" y="880" href="#r1"/>
<use x="560" y="880" href="#r1"/>
<use x="680" y="960" href="#r1"/>
<use x="880" y="1000" href="#r1"/>
<use x="760" y="1160" href="#r1"/>
<use x="600" y="1200" href="#r1"/>
<use x="1040" y="1000" href="#r1"/>
<use x="1160" y="840" href="#r1"/>
<use x="560" y="1120" href="#r1"/>
<use x="720" y="960" href="#r1"/>
<use x="880" y="920" href="#r1"/>
<use x="560" y="1240" href="#r1"/>
<use x="680" y="1000" href="#r1"/>
<use x="720" y="840" href="#r1"/>
<use x="1000" y="720" href="#r1"/>
<use x="920" y="1120" href="#r1"/>
<use x="480" y="520" href="#r1"/>
<use x="1000" y="480" href="#r1"/>
<use x="840" y="1160" href="#r1"/>
<use x="1160" y="280" href="#r1"/>
<use x="1120" y="160" href="#r1"/>
<use x="1240" y="360" href="#r1"/>
<use x="720" y="360" href="#r1"/>
<use x="1240" y="1160" href="#r1"/>
<use x="360" y="600" href="#r1"/>
<use x="800" y="1160" href="#r1"/>
<use x="680" y="1040" href="#r1"/>
<use x="1040" y="680" href="#r1"/>
<use x="600" y="520" href="#r1"/>
<use x="840" y="280" href="#r1"/>
<use x="880" y="960" href="#r1"/>
<use x="880" y="360" href="#r1"/>
<use x="1240" y="1000" href="#r1"/>
<use x="1160" y="240" href="#r1"/>
<use x="840" y="320" href="#r1"/>
<use x="1200" y="1000" href="#r1"/>
<use x="560" y="600" href="#r1"/>
<use x="880" y="320" href="#r1"/>
<use x="480" y="640" href="#r1"/>
<use x="560" y="200" href="#r1"/>
<use x="200" y="720" href="#r1"/>
<use x="440" y="920" href="#r1"/>
<use x="760" y="1080" href="#r1"/>
<use x="600" y="840" href="#r1"/>
<use x="400" y="280" href="#r1"/>
<use x="640" y="840" href="#r1"/>
<use x="160" y="240" href="#r1"/>
<use x="640" y="920" href="#r1"/>
<use x="360" y="440" href="#r1"/>
<use x="600" y="1000" href="#r1"/>
<use x="640" y="1040" href="#r1"/>
<use x="760" y="920" href="#r1"/>
<use x="600" y="320" href="#r1"/>
<use x="1280" y="320" href="#r1"/>
<use x="400" y="320" href="#r1"/>
<use x="760" y="960" href="#r1"/>
<use x="280" y="880" href="#r1"/>
<use x="720" y="920" href="#r1"/>
<use x="560" y="760" href="#r1"/>
<use x="920" y="1000" href="#r1"/>
<use x="680" y="680" href="#r1"/>
<use x="560" y="1040" href="#r1"/>
<use x="720" y="1000" href="#r1"/>
<use x="480" y="1000" href="#r1"/>
<use x="800" y="640" href="#r1"/>
<use x="760" y="1040" href="#r1"/>
<use x="760" y="1000" href="#r1"/>
<use x="120" y="880" href="#r1"/>
<use x="560" y="280" href="#r1"/>
<use x="840" y="1000" href="#r1"/>
<use x="520" y="1000" href="#r1"/>
<use x="640" y="1000" href="#r1"/>
<use x="160" y="1080" href="#r1"/>
<use x="280" y="560" href="#r1"/>
<use x="1160" y="1080" href="#r1"/>
<use x="120" y="240" href="#r1"/>
<use x="240" y="1000" href="#r1"/>
<use x="360" y="1080" href="#r1"/>
<use x="320" y="1000" href="#r1"/>
<use x="400" y="1080" href="#r1"/>
<use x="360" y="1040" href="#r1"/>
<use x="360" y="960" href="#r1"/>
<use x="280" y="920" href="#r1"/>
<use x="600" y="1080" href="#r1"/>
<use x="560" y="1000" href="#r1"/>
<use x="400" y="1000" href="#r1"/>
<use x="560" y="1080" href="#r1"/>
<use x="280" y="760" href="#r1"/>
<use x="280" y="1080" href="#r1"/>
<use x="400" y="840" href="#r1"/>
<use x="720" y="320" href="#r1"/>
<use x="600" y="640" href="#r1"/>
<use x="360" y="480" href="#r1"/>
<use x="240" y="920" href="#r1"/>
<use x="440" y="960" href="#r1"/>
<use x="440" y="1000" href="#r1"/>
<use x="200" y="960" href="#r1"/>
<use x="280" y="960" href="#r1"/>
<use x="200" y="1000" href="#r1"/>
<use x="160" y="1000" href="#r1"/>
<use x="200" y="280" href="#r1"/>
<use x="200" y="320" href="#r1"/>
<use x="120" y="1000" href="#r1"/>
<use x="80" y="1000" href="#r1"/>
<use x="160" y="920" href="#r1"/>
<use x="120" y="920" href="#r1"/>
<use x="240" y="840" href="#r1"/>
<use x="120" y="320" href="#r1"/>
<use x="120" y="960" href="#r1"/>
<use x="240" y="360" href="#r1"/>
<use x="240" y="960" href="#r1"/>
<use x="40" y="1000" href="#r1"/>
<use x="160" y="960" href="#r1"/>
<use x="80" y="880" href="#r1"/>
<use x="160" y="880" href="#r1"/>
<use x="360" y="880" href="#r1"/>
<use x="520" y="280" href="#r1"/>
<use x="680" y="920" href="#r1"/>
<use x="240" y="800" href="#r1"/>
<use x="160" y="320" href="#r1"/>
<use x="240" y="640" href="#r1"/>
<use x="320" y="1080" href="#r1"/>
<use x="320" y="720" href="#r1"/>
<use x="280" y="720" href="#r1"/>
<use x="120" y="800" href="#r1"/>
<use x="40" y="840" href="#r1"/>
<use x="200" y="920" href="#r1"/>
<use x="80" y="920" href="#r1"/>
<use x="360" y="920" href="#r1"/>
<use x="160" y="800" href="#r1"/>
<use x="320" y="960" href="#r1"/>
<use x="240" y="200" href="#r1"/>
<use x="80" y="320" href="#r1"/>
<use x="520" y="920" href="#r1"/>
<use x="200" y="240" href="#r1"/>
<use x="40" y="920" href="#r1"/>
<use x="40" y="960" href="#r1"/>
<use x="600" y="760" href="#r1"/>
<use x="360" y="640" href="#r1"/>
<use x="400" y="960" href="#r1"/>
<use x="360" y="200" href="#r1"/>
<use x="80" y="480" href="#r1"/>
<use x="320" y="840" href="#r1"/>
<use x="80" y="960" href="#r1"/>
<use x="400" y="760" href="#r1"/>
<use x="200" y="360" href="#r1"/>
<use x="120" y="280" href="#r1"/>
<use x="200" y="800" href="#r1"/>
<use x="200" y="160" href="#r1"/>
<use x="520" y="240" href="#r1"/>
<use x="440" y="800" href="#r1"/>
<use x="600" y="240" href="#r1"/>
<use x="560" y="320" href="#r1"/>
<use x="640" y="320" href="#r1"/>
<use x="360" y="840" href="#r1"/>
<use x="600" y="160" href="#r1"/>
<use x="480" y="800" href="#r1"/>
<use x="520" y="880" href="#r1"/>
<use x="560" y="640" href="#r1"/>
<use x="840" y="760" href="#r1"/>
<use x="360" y="800" href="#r1"/>
<use x="280" y="800" href="#r1"/>
<use x="80" y="560" href="#r1"/>
<use x="480" y="720" href="#r1"/>
<use x="560" y="800" href="#r1"/>
<use x="160" y="120" href="#r1"/>
<use x="40" y="440" href="#r1"/>
<use x="440" y="840" href="#r1"/>
<use x="480" y="840" href="#r1"/>
<use x="280" y="680" href="#r1"/>
<use x="120" y="680" href="#r1"/>
<use x="160" y="680" href="#r1"/>
<use x="160" y="760" href="#r1"/>
<use x="80" y="800" href="#r1"/>
<use x="120" y="840" href="#r1"/>
<use x="80" y="840" href="#r1"/>
<use x="120" y="760" href="#r1"/>
<use x="80" y="760" href="#r1"/>
<use x="160" y="840" href="#r1"/>
<use x="320" y="920" href="#r1"/>
<use x="160" y="720" href="#r1"/>
<use x="80" y="400" href="#r1"/>
<use x="480" y="760" href="#r1"/>
<use x="120" y="720" href="#r1"/>
<use x="360" y="720" href="#r1"/>
<use x="320" y="640" href="#r1"/>
<use x="800" y="920" href="#r1"/>
<use x="280" y="840" href="#r1"/>
<use x="520" y="760" href="#r1"/>
<use x="400" y="720" href="#r1"/>
<use x="200" y="760" href="#r1"/>
<use x="240" y="680" href="#r1"/>
<use x="160" y="360" href="#r1"/>
<use x="120" y="640" href="#r1"/>
<use x="160" y="640" href="#r1"/>
<use x="240" y="760" href="#r1"/>
<use x="40" y="480" href="#r1"/>
<use x="80" y="680" href="#r1"/>
<use x="40" y="760" href="#r1"/>
<use x="160" y="520" href="#r1"/>
<use x="80" y="240" href="#r1"/>
<use x="440" y="720" href="#r1"/>
<use x="320" y="360" href="#r1"/>
<use x="240" y="720" href="#r1"/>
<use x="600" y="800" href="#r1"/>
<use x="360" y="760" href="#r1"/>
<use x="520" y="200" href="#r1"/>
<use x="360" y="280" href="#r1"/>
<use x="320" y="760" href="#r1"/>
<use x="120" y="360" href="#r1"/>
<use x="480" y="680" href="#r1"/>
<use x="520" y="1040" href="#r1"/>
<use x="520" y="840" href="#r1"/>
<use x="120" y="560" href="#r1"/>
<use x="200" y="680" href="#r1"/>
<use x="80" y="720" href="#r1"/>
<use x="440" y="760" href="#r1"/>
<use x="160" y="560" href="#r1"/>
<use x="320" y="160" href="#r1"/>
<use x="80" y="640" href="#r1"/>
<use x="440" y="640" href="#r1"/>
<use x="280" y="640" href="#r1"/>
<use x="200" y="640" href="#r1"/>
<use x="360" y="680" href="#r1"/>
<use x="120" y="120" href="#r1"/>
<use x="400" y="640" href="#r1"/>
<use x="200" y="480" href="#r1"/>
<use x="200" y="520" href="#r1"/>
<use x="520" y="160" href="#r1"/>
<use x="40" y="320" href="#r1"/>
<use x="80" y="160" href="#r1"/>
<use x="80" y="280" href="#r1"/>
<use x="800" y="720" href="#r1"/>
<use x="640" y="280" href="#r1"/>
<use x="80" y="520" href="#r1"/>
<use x="320" y="240" href="#r1"/>
<use x="560" y="240" href="#r1"/>
<use x="240" y="560" href="#r1"/>
<use x="160" y="400" href="#r1"/>
<use x="40" y="360" href="#r1"/>
<use x="120" y="160" href="#r1"/>
<use x="120" y="440" href="#r1"/>
<use x="960" y="280" href="#r1"/>
<use x="320" y="320" href="#r1"/>
<use x="200" y="80" href="#r1"/>
<use x="240" y="520" href="#r1"/>
<use x="400" y="360" href="#r1"/>
<use x="800" y="280" href="#r1"/>
<use x="200" y="200" href="#r1"/>
<use x="720" y="600" href="#r1"/>
<use x="400" y="560" href="#r1"/>
<use x="40" y="280" href="#r1"/>
<use x="240" y="280" href="#r1"/>
<use x="480" y="600" href="#r1"/>
<use x="640" y="360" href="#r1"/>
<use x="680" y="360" href="#r1"/>
<use x="280" y="1000" href="#r1"/>
<use x="600" y="200" href="#r1"/>
<use x="200" y="840" href="#r1"/>
<use x="160" y="280" href="#r1"/>
<use x="400" y="800" href="#r1"/>
<use x="400" y="200" href="#r1"/>
<use x="280" y="160" href="#r1"/>
<use x="400" y="480" href="#r1"/>
<use x="800" y="200" href="#r1"/>
<use x="120" y="200" href="#r1"/>
<use x="280" y="40" href="#r1"/>
<use x="40" y="200" href="#r1"/>
<use x="80" y="200" href="#r1"/>
<use x="440" y="200" href="#r1"/>
<use x="200" y="40" href="#r1"/>
<use x="240" y="40" href="#r1"/>
<use x="520" y="40" href="#r1"/>
<use x="440" y="120" href="#r1"/>
<use x="400" y="120" href="#r1"/>
<use x="480" y="120" href="#r1"/>
<use x="480" y="160" href="#r1"/>
<use x="680" y="40" href="#r1"/>
<use x="640" y="200" href="#r1"/>
<use x="160" y="200" href="#r1"/>
<use x="240" y="240" href="#r1"/>
<use x="440" y="280" href="#r1"/>
<use x="360" y="520" href="#r1"/>
<use x="160" y="600" href="#r1"/>
<use x="1000" y="160" href="#r1"/>
<use x="920" y="200" href="#r1"/>
<use x="800" y="40" href="#r1"/>
<use x="1000" y="200" href="#r1"/>
<use x="1240" y="200" href="#r1"/>
<use x="760" y="40" href="#r1"/>
<use x="600" y="120" href="#r1"/>
<use x="840" y="40" href="#r1"/>
<use x="560" y="80" href="#r1"/>
<use x="840" y="200" href="#r1"/>
<use x="720" y="160" href="#r1"/>
<use x="280" y="360" href="#r1"/>
<use x="400" y="400" href="#r1"/>
<use x="520" y="360" href="#r1"/>
<use x="320" y="600" href="#r1"/>
<use x="520" y="600" href="#r1"/>
<use x="480" y="80" href="#r1"/>
<use x="480" y="240" href="#r1"/>
<use x="240" y="160" href="#r1"/>
<use x="80" y="440" href="#r1"/>
<use x="400" y="80" href="#r1"/>
<use x="400" y="240" href="#r1"/>
<use x="640" y="80" href="#r1"/>
<use x="160" y="80" href="#r1"/>
<use x="480" y="40" href="#r1"/>
<use x="440" y="40" href="#r1"/>
<use x="720" y="40" href="#r1"/>
<use x="520" y="80" href="#r1"/>
<use x="120" y="80" href="#r1"/>
<use x="360" y="120" href="#r1"/>
<use x="400" y="40" href="#r1"/>
<use x="360" y="80" href="#r1"/>
<use x="560" y="40" href="#r1"/>
<use x="360" y="40" href="#r1"/>
<use x="280" y="80" href="#r1"/>
<use x="240" y="880" href="#r1"/>
<use x="240" y="80" href="#r1"/>
<use x="320" y="880" href="#r1"/>
<use x="600" y="40" href="#r1"/>
<use x="600" y="80" href="#r1"/>
<use x="280" y="200" href="#r1"/>
<use x="440" y="80" href="#r1"/>
<use x="480" y="200" href="#r1"/>
<use x="400" y="160" href="#r1"/>
<use x="320" y="80" href="#r1"/>
<use x="280" y="320" href="#r1"/>
<use x="480" y="360" href="#r1"/>
<use x="1120" y="200" href="#r1"/>
<use x="320" y="200" href="#r1"/>
<use x="320" y="40" href="#r1"/>
<use x="1240" y="160" href="#r1"/>
<use x="1000" y="240" href="#r1"/>
<use x="360" y="240" href="#r1"/>
<use x="1040" y="160" href="#r1"/>
<use x="520" y="440" href="#r1"/>
<use x="640" y="400" href="#r1"/>
<use x="680" y="480" href="#r1"/>
<use x="440" y="600" href="#r1"/>
<use x="560" y="160" href="#r1"/>
<use x="680" y="240" href="#r1"/>
<use x="600" y="560" href="#r1"/>
<use x="800" y="480" href="#r1"/>
<use x="920" y="560" href="#r1"/>
<use x="840" y="480" href="#r1"/>
<use x="880" y="640" href="#r1"/>
<use x="400" y="440" href="#r1"/>
<use x="440" y="520" href="#r1"/>
<use x="600" y="480" href="#r1"/>
<use x="560" y="480" href="#r1"/>
<use x="440" y="560" href="#r1"/>
<use x="560" y="720" href="#r1"/>
<use x="640" y="520" href="#r1"/>
<use x="760" y="480" href="#r1"/>
<use x="720" y="80" href="#r1"/>
<use x="320" y="120" href="#r1"/>
<use x="640" y="40" href="#r1"/>
<use x="840" y="80" href="#r1"/>
<use x="840" y="120" href="#r1"/>
<use x="920" y="80" href="#r1"/>
<use x="600" y="280" href="#r1"/>
<use x="840" y="920" href="#r1"/>
<use x="440" y="240" href="#r1"/>
<use x="640" y="760" href="#r1"/>
<use x="1040" y="120" href="#r1"/>
<use x="1240" y="240" href="#r1"/>
<use x="200" y="880" href="#r1"/>
<use x="160" y="440" href="#r1"/>
<use x="720" y="200" href="#r1"/>
<use x="40" y="240" href="#r1"/>
<use x="480" y="880" href="#r1"/>
<use x="440" y="360" href="#r1"/>
<use x="1040" y="200" href="#r1"/>
<use x="640" y="240" href="#r1"/>
<use x="440" y="400" href="#r1"/>
<use x="1160" y="200" href="#r1"/>
<use x="520" y="960" href="#r1"/>
<use x="600" y="880" href="#r1"/>
<use x="680" y="80" href="#r1"/>
<use x="800" y="240" href="#r1"/>
<use x="200" y="440" href="#r1"/>
<use x="760" y="320" href="#r1"/>
<use x="320" y="520" href="#r1"/>
<use x="200" y="600" href="#r1"/>
<use x="520" y="640" href="#r1"/>
<use x="520" y="720" href="#r1"/>
<use x="280" y="400" href="#r1"/>
<use x="1160" y="600" href="#r1"/>
<use x="520" y="560" href="#r1"/>
<use x="280" y="520" href="#r1"/>
<use x="320" y="560" href="#r1"/>
<use x="760" y="560" href="#r1"/>
<use x="560" y="560" href="#r1"/>
<use x="680" y="520" href="#r1"/>
<use x="1280" y="560" href="#r1"/>
<use x="1040" y="280" href="#r1"/>
<use x="1040" y="760" href="#r1"/>
<use x="480" y="480" href="#r1"/>
<use x="200" y="560" href="#r1"/>
<use x="400" y="520" href="#r1"/>
<use x="360" y="560" href="#r1"/>
<use x="1040" y="320" href="#r1"/>
<use x="1280" y="640" href="#r1"/>
<use x="880" y="600" href="#r1"/>
<use x="160" y="160" href="#r1"/>
<use x="920" y="760" href="#r1"/>
<use x="520" y="480" href="#r1"/>
<use x="240" y="440" href="#r1"/>
<use x="1040" y="560" href="#r1"/>
<use x="800" y="360" href="#r1"/>
<use x="640" y="440" href="#r1"/>
<use x="1000" y="560" href="#r1"/>
<use x="360" y="400" href="#r1"/>
<use x="680" y="560" href="#r1"/>
<use x="280" y="600" href="#r1"/>
<use x="1200" y="120" href="#r1"/>
<use x="480" y="560" href="#r1"/>
<use x="40" y="160" href="#r1"/>
<use x="120" y="600" href="#r1"/>
<use x="1040" y="600" href="#r1"/>
<use x="600" y="600" href="#r1"/>
<use x="720" y="480" href="#r1"/>
<use x="240" y="320" href="#r1"/>
<use x="480" y="920" href="#r1"/>
<use x="840" y="400" href="#r1"/>
<use x="600" y="680" href="#r1"/>
<use x="1000" y="600" href="#r1"/>
<use x="640" y="600" href="#r1"/>
<use x="1000" y="440" href="#r1"/>
<use x="1240" y="480" href="#r1"/>
<use x="960" y="480" href="#r1"/>
<use x="800" y="600" href="#r1"/>
<use x="1240" y="600" href="#r1"/>
<use x="560" y="520" href="#r1"/>
<use x="800" y="560" href="#r1"/>
<use x="680" y="640" href="#r1"/>
<use x="640" y="640" href="#r1"/>
<use x="240" y="600" href="#r1"/>
<use x="760" y="440" href="#r1"/>
<use x="480" y="280" href="#r1"/>
<use x="680" y="320" href="#r1"/>
<use x="120" y="400" href="#r1"/>
<use x="920" y="320" href="#r1"/>
<use x="1200" y="280" href="#r1"/>
<use x="840" y="560" href="#r1"/>
<use x="800" y="320" href="#r1"/>
<use x="800" y="760" href="#r1"/>
<use x="960" y="360" href="#r1"/>
<use x="440" y="680" href="#r1"/>
<use x="1040" y="640" href="#r1"/>
<use x="1040" y="720" href="#r1"/>
<use x="960" y="600" href="#r1"/>
<use x="960" y="800" href="#r1"/>
<use x="1280" y="680" href="#r1"/>
<use x="1200" y="520" href="#r1"/>
<use x="880" y="280" href="#r1"/>
<use x="1000" y="680" href="#r1"/>
<use x="1040" y="480" href="#r1"/>
<use x="1000" y="400" href="#r1"/>
<use x="880" y="440" href="#r1"/>
<use x="880" y="680" href="#r1"/>
<use x="1200" y="680" href="#r1"/>
<use x="840" y="680" href="#r1"/>
<use x="1160" y="680" href="#r1"/>
<use x="1120" y="680" href="#r1"/>
<use x="880" y="520" href="#r1"/>
<use x="920" y="720" href="#r1"/>
<use x="1240" y="520" href="#r1"/>
<use x="800" y="440" href="#r1"/>
<use x="720" y="440" href="#r1"/>
<use x="600" y="400" href="#r1"/>
<use x="480" y="400" href="#r1"/>
<use x="640" y="680" href="#r1"/>
<use x="600" y="440" href="#r1"/>
<use x="640" y="720" href="#r1"/>
<use x="1040" y="400" href="#r1"/>
<use x="960" y="560" href="#r1"/>
<use x="920" y="400" href="#r1"/>
<use x="920" y="680" href="#r1"/>
<use x="800" y="680" href="#r1"/>
<use x="280" y="280" href="#r1"/>
<use x="1160" y="160" href="#r1"/>
<use x="1200" y="720" href="#r1"/>
<use x="1280" y="360" href="#r1"/>
<use x="800" y="800" href="#r1"/>
<use x="1280" y="720" href="#r1"/>
<use x="1280" y="400" href="#r1"/>
<use x="1240" y="840" href="#r1"/>
<use x="360" y="360" href="#r1"/>
<use x="520" y="800" href="#r1"/>
<use x="1120" y="440" href="#r1"/>
<use x="880" y="480" href="#r1"/>
<use x="1160" y="440" href="#r1"/>
<use x="1120" y="840" href="#r1"/>
<use x="1200" y="840" href="#r1"/>
<use x="1200" y="440" href="#r1"/>
<use x="680" y="600" href="#r1"/>
<use x="1000" y="280" href="#r1"/>
<use x="1240" y="800" href="#r1"/>
<use x="760" y="640" href="#r1"/>
<use x="1160" y="760" href="#r1"/>
<use x="1160" y="800" href="#r1"/>
<use x="1120" y="800" href="#r1"/>
<use x="1200" y="800" href="#r1"/>
<use x="760" y="720" href="#r1"/>
<use x="720" y="720" href="#r1"/>
<use x="760" y="760" href="#r1"/>
<use x="720" y="680" href="#r1"/>
<use x="1160" y="720" href="#r1"/>
<use x="1240" y="720" href="#r1"/>
<use x="1240" y="560" href="#r1"/>
<use x="1240" y="440" href="#r1"/>
<use x="800" y="520" href="#r1"/>
<use x="1120" y="480" href="#r1"/>
<use x="920" y="440" href="#r1"/>
<use x="1160" y="400" href="#r1"/>
<use x="1280" y="440" href="#r1"/>
<use x="840" y="360" href="#r1"/>
<use x="760" y="800" href="#r1"/>
<use x="440" y="160" href="#r1"/>
<use x="960" y="320" href="#r1"/>
<use x="1040" y="520" href="#r1"/>
<use x="1000" y="360" href="#r1"/>
<use x="1200" y="600" href="#r1"/>
<use x="1200" y="760" href="#r1"/>
<use x="1160" y="520" href="#r1"/>
<use x="1160" y="360" href="#r1"/>
<use x="840" y="840" href="#r1"/>
<use x="840" y="720" href="#r1"/>
<use x="880" y="840" href="#r1"/>
<use x="1280" y="840" href="#r1"/>
<use x="1040" y="440" href="#r1"/>
<use x="920" y="840" href="#r1"/>
<use x="960" y="840" href="#r1"/>
<use x="1000" y="840" href="#r1"/>
<use x="880" y="800" href="#r1"/>
<use x="1040" y="840" href="#r1"/>
<use x="1200" y="920" href="#r1"/>
<use x="680" y="160" href="#r1"/>
<use x="1120" y="120" href="#r1"/>
<use x="720" y="280" href="#r1"/>
<use x="1160" y="120" href="#r1"/>
<use x="760" y="280" href="#r1"/>
<use x="960" y="200" href="#r1"/>
<use x="840" y="160" href="#r1"/>
<use x="960" y="120" href="#r1"/>
<use x="280" y="120" href="#r1"/>
<use x="1200" y="200" href="#r1"/>
<use x="560" y="400" href="#r1"/>
<use x="1120" y="280" href="#r1"/>
<use x="720" y="520" href="#r1"/>
<use x="1240" y="320" href="#r1"/>
<use x="800" y="400" href="#r1"/>
<use x="880" y="120" href="#r1"/>
<use x="1240" y="760" href="#r1"/>
<use x="1240" y="120" href="#r1"/>
<use x="1120" y="240" href="#r1"/>
<use x="800" y="1000" href="#r1"/>
<use x="240" y="120" href="#r1"/>
<use x="1040" y="920" href="#r1"/>
<use x="960" y="640" href="#r1"/>
<use x="960" y="520" href="#r1"/>
<use x="920" y="920" href="#r1"/>
<use x="1160" y="560" href="#r1"/>
<use x="40" y="560" href="#r1"/>
<use x="760" y="880" href="#r1"/>
<use x="240" y="400" href="#r1"/>
<use x="880" y="760" href="#r1"/>
<use x="720" y="560" href="#r1"/>
<use x="560" y="840" href="#r1"/>
<use x="640" y="560" href="#r1"/>
<use x="200" y="120" href="#r1"/>
<use x="920" y="120" href="#r1"/>
<use x="800" y="960" href="#r1"/>
<use x="1240" y="280" href="#r1"/>
<use x="1040" y="240" href="#r1"/>
<use x="720" y="640" href="#r1"/>
<use x="760" y="400" href="#r1"/>
<use x="680" y="440" href="#r1"/>
<use x="680" y="840" href="#r1"/>
<use x="680" y="400" href="#r1"/>
<use x="680" y="760" href="#r1"/>
<use x="760" y="600" href="#r1"/>
<use x="840" y="240" href="#r1"/>
<use x="640" y="960" href="#r1"/>
<use x="1000" y="960" href="#r1"/>
<use x="840" y="440" href="#r1"/>
<use x="920" y="520" href="#r1"/>
<use x="760" y="840" href="#r1"/>
<use x="840" y="800" href="#r1"/>
<use x="400" y="600" href="#r1"/>
<use x="800" y="880" href="#r1"/>
<use x="920" y="360" href="#r1"/>
<use x="960" y="440" href="#r1"/>
<use x="1120" y="560" href="#r1"/>
<use x="960" y="760" href="#r1"/>
<use x="840" y="600" href="#r1"/>
<use x="1120" y="960" href="#r1"/>
<use x="880" y="560" href="#r1"/>
<use x="1000" y="760" href="#r1"/>
<use x="1200" y="560" href="#r1"/>
<use x="680" y="280" href="#r1"/>
<use x="1160" y="640" href="#r1"/>
<use x="760" y="360" href="#r1"/>
<use x="480" y="440" href="#r1"/>
<use x="720" y="400" href="#r1"/>
<use x="440" y="440" href="#r1"/>
<use x="1200" y="480" href="#r1"/>
<use x="800" y="120" href="#r1"/>
<use x="1200" y="360" href="#r1"/>
<use x="640" y="120" href="#r1"/>
<use x="1240" y="880" href="#r1"/>
<use x="1040" y="800" href="#r1"/>
<use x="1160" y="480" href="#r1"/>
<use x="1280" y="120" href="#r1"/>
<use x="920" y="640" href="#r1"/>
<use x="960" y="680" href="#r1"/>
<use x="760" y="680" href="#r1"/>
<use x="1200" y="1120" href="#r1"/>
<use x="1200" y="240" href="#r1"/>
<use x="840" y="520" href="#r1"/>
<use x="720" y="120" href="#r1"/>
<use x="640" y="160" href="#r1"/>
<use x="800" y="840" href="#r1"/>
<use x="920" y="800" href="#r1"/>
<use x="920" y="480" href="#r1"/>
<use x="1280" y="520" href="#r1"/>
<use x="1000" y="640" href="#r1"/>
<use x="840" y="640" href="#r1"/>
<use x="1240" y="400" href="#r1"/>
<use x="520" y="520" href="#r1"/>
<use x="200" y="400" href="#r1"/>
<use x="440" y="320" href="#r1"/>
<use x="360" y="160" href="#r1"/>
<use x="480" y="320" href="#r1"/>
<use x="560" y="960" href="#r1"/>
<use x="480" y="960" href="#r1"/>
<use x="440" y="480" href="#r1"/>
<use x="320" y="400" href="#r1"/>
<use x="320" y="440" href="#r1"/>
<use x="760" y="200" href="#r1"/>
<use x="520" y="680" href="#r1"/>
<use x="1200" y="640" href="#r1"/>
<use x="760" y="80" href="#r1"/>
<use x="560" y="120" href="#r1"/>
<use x="1280" y="160" href="#r1"/>
<use x="520" y="120" href="#r1"/>
<use x="1200" y="160" href="#r1"/>
<use x="720" y="240" href="#r1"/>
<use x="1240" y="640" href="#r1"/>
<use x="760" y="240" href="#r1"/>
<use x="1280" y="880" href="#r1"/>
<use x="680" y="120" href="#r1"/>
<use x="800" y="1080" href="#r1"/>
<use x="840" y="960" href="#r1"/>
<use x="1240" y="680" href="#r1"/>
<use x="1160" y="1000" href="#r1"/>
<use x="960" y="40" href="#r1"/>
<use x="320" y="680" href="#r1"/>
<use x="520" y="400" href="#r1"/>
<use x="880" y="720" href="#r1"/>
<use x="800" y="80" href="#r1"/>
<use x="1280" y="800" href="#r1"/>
<use x="640" y="480" href="#r1"/>
<use x="1320" y="400" href="#io"/>
<use x="1320" y="840" href="#io"/>
<use x="1320" y="560" href="#io"/>
<use x="1320" y="160" href="#io"/>
<use x="1320" y="720" href="#io"/>
<use x="1040" y="0" href="#io"/>
<use x="1120" y="0" href="#io"/>
<use x="1320" y="240" href="#io"/>
<use x="1000" y="0" href="#io"/>
<use x="920" y="0" href="#io"/>
<use x="1320" y="40" href="#io"/>
<use x="480" y="0" href="#io"/>
<use x="720" y="0" href="#io"/>
<use x="600" y="0" href="#io"/>
<use x="880" y="0" href="#io"/>
<use x="840" y="0" href="#io"/>
<use x="1120" y="1320" href="#io"/>
<use x="1320" y="880" href="#io"/>
<use x="1320" y="680" href="#io"/>
<use x="1320" y="920" href="#io"/>
<use x="1320" y="480" href="#io"/>
<use x="1320" y="1000" href="#io"/>
<use x="960" y="0" href="#io"/>
<use x="0" y="400" href="#io"/>
<use x="680" y="0" href="#io"/>
<use x="800" y="0" href="#io"/>
<use x="0" y="600" href="#io"/>
<use x="640" y="1320" href="#io"/>
<use x="1320" y="200" href="#io"/>
<use x="1320" y="440" href="#io"/>
<use x="440" y="1320" href="#io"/>
<use x="400" y="1320" href="#io"/>
<use x="0" y="560" href="#io"/>
<use x="0" y="720" href="#io"/>
<use x="0" y="840" href="#io"/>
<use x="760" y="1320" href="#io"/>
<use x="680" y="1320" href="#io"/>
<use x="400" y="0" href="#io"/>
<use x="0" y="760" href="#io"/>
<use x="440" y="0" href="#io"/>
<use x="0" y="320" href="#io"/>
<use x="560" y="0" href="#io"/>
<use x="1320" y="760" href="#io"/>
<use x="1320" y="520" href="#io"/>
<use x="1320" y="360" href="#io"/>
<use x="1320" y="320" href="#io"/>
<use x="1320" y="120" href="#io"/>
<use x="1320" y="280" href="#io"/>
<use x="0" y="680" href="#io"/>
<use x="0" y="640" href="#io"/>
<use x="0" y="480" href="#io"/>
<use x="0" y="440" href="#io"/>
<use x="0" y="520" href="#io"/>
<use x="0" y="280" href="#io"/>
<use x="1320" y="640" href="#io"/>
<use x="0" y="360" href="#io"/>
<use x="200" y="0" href="#io"/>
<use x="360" y="0" href="#io"/>
<use x="520" y="0" href="#io"/>
<use x="560" y="1320" href="#io"/>
<use x="480" y="1320" href="#io"/>
<use x="240" y="0" href="#io"/>
<use x="280" y="0" href="#io"/>
<use x="320" y="0" href="#io"/>
<use x="760" y="0" href="#io"/>
<use x="640" y="0" href="#io"/>
<use x="1320" y="1080" href="#io"/>
<use x="800" y="1320" href="#io"/>
<use x="1320" y="1040" href="#io"/>
<use x="1320" y="600" href="#io"/>
<use x="1320" y="80" href="#io"/>
<use x="360" y="1320" href="#io"/>
<use x="720" y="1320" href="#io"/>
<use x="1320" y="960" href="#io"/>
<use x="520" y="1320" href="#io"/>
<use x="840" y="1320" href="#io"/>
<use x="600" y="1320" href="#io"/>
<use x="1320" y="1120" href="#io"/>
<use x="0" y="1000" href="#io"/>
<use x="1320" y="1160" href="#io"/>
<use x="1320" y="800" href="#io"/>
=============================== warnings summary ===============================
tests/test_place.py::test_placement
  /media/lubuntu/USBDISK/miniconda3/lib/python3.9/site-packages/networkx/algorithms/bipartite/matching.py:569: FutureWarning: biadjacency_matrix will return a scipy.sparse array instead of a matrix in NetworkX 3.0
    weights_sparse = biadjacency_matrix(

-- Docs: https://docs.pytest.org/en/stable/how-to/capture-warnings.html

---------- coverage: platform linux, python 3.9.13-final-0 -----------
Name                             Stmts   Miss Branch BrPart  Cover   Missing
----------------------------------------------------------------------------
src/nnsplace/__init__.py             6      0      0      0   100%
src/nnsplace/array_like.py          23      8      0      0    65%   34, 42, 54, 57-58, 66, 77, 86
src/nnsplace/lict.py                18      3      0      0    83%   13, 22, 25
src/nnsplace/min_parametric.py      24      1     10      1    94%   45
src/nnsplace/neg_cycle.py           76      9     35      1    87%   56->58, 182-192
src/nnsplace/netlist.py            131     63      8      0    53%   32, 47, 146, 154, 162, 170, 181, 204, 233-254, 258-279, 283-341, 345-371
src/nnsplace/placement.py          289      9    115      9    96%   30-31, 41, 217, 369, 561, 618, 721->723, 723->exit, 781, 817
src/nnsplace/placement_cfg.py        4      0      0      0   100%
----------------------------------------------------------------------------
TOTAL                              571     93    168     11    85%

=========================== short test summary info ============================
FAILED tests/test_place.py::test_placement - assert 14 < 0
======================== 1 failed, 1 warning in 18.87s =========================
