============================= test session starts ==============================
platform linux -- Python 3.9.12, pytest-7.1.1, pluggy-1.0.0 -- /media/lubuntu/USBDISK/miniconda3/bin/python
cachedir: .pytest_cache
hypothesis profile 'default' -> database=DirectoryBasedExampleDatabase('/media/lubuntu/USBDISK/github/luk036/py/nnsplace/.hypothesis/examples')
benchmark: 3.4.1 (defaults: timer=time.perf_counter disable_gc=False min_rounds=5 min_time=0.000005 max_time=1.0 calibration_precision=10 warmup=False warmup_iterations=100000)
rootdir: /media/lubuntu/USBDISK/github/luk036/py/nnsplace, configfile: setup.cfg
plugins: hypothesis-6.46.1, cov-3.0.0, benchmark-3.4.1
collecting ... collected 2 items

tests/test_place.py::test_drawf PASSED                                   [ 50%]
tests/test_place.py::test_placement FAILED                               [100%]

=================================== FAILURES ===================================
________________________________ test_placement ________________________________

    def test_placement() -> None:
        H = read_json("testcases/p1.json")
        # count_2 = 0
        # count_3 = 0
        # count_rest = 0
        # for net in H.nets:
        #     deg = H.gra.degree(net)
        #     if deg == 2:
        #         count_2 += 1
        #     elif deg == 3:
        #         count_3 += 1
        #     else:
        #         count_rest += 1
        # print(count_2, count_3, count_rest)
        # assert count_2 == 494
        # 00321C
        # EC0000
        placer = NnsPlacer(H, NnsConfig(32, 30, 40, 40))
        place = [[], []]
        place[0] = [0 for _ in range(H.number_of_modules())]  # x-direction
        place[1] = [0 for _ in range(H.number_of_modules())]  # y-direction
        placer.init_placement(place)
        assert place[0][1] == 1
        assert place[1][1] == 0
        assert placer.count[1][0] == 32
        assert placer.count[1][26] == 1
        assert placer.count[1][27] == 0
        assert placer.count[0][0] == 27
        assert placer.count[0][1] == 26
        hpwl_x, hpwl_y = placer.calc_total_hpwl(place)
        print("Total HPWL before = {} + {} = {}".format(
                  hpwl_x, hpwl_y, hpwl_x + hpwl_y))
        print("Worst wirelength before = {}".format(
                  placer.calc_worst_wirelength(place)))

        # placer.run(place)
        placer.apply_howard(place, 0)

        # hpwl_x, hpwl_y = placer.calc_total_hpwl(place)
        # print("Total HPWL after = {} + {} = {}".format(
        #           hpwl_x, hpwl_y, hpwl_x + hpwl_y))
        # print("Worst wirelength after = {}".format(
        #           placer.calc_worst_wirelength(place)))

        for v in H:
            print("  <use x=\"{}\" y=\"{}\" href=\"#r1\"/>"
                  .format(place[0][v] * 40, place[1][v] * 40))
    #     for net in H.nets:
    #         adjs = iter(H.ugraph[net])
    #         v = next(adjs)
    #         p = Point(place[0][v], place[1][v])
    #         bbox = Rect(Interval(p.x, p.x), Interval(p.y, p.y))
    #         for v in adjs:
    #             q = Point(place[0][v], place[1][v])
    #             bbox = bbox.hull_with(q)
    #         x = bbox.x.lb * 40 + 10
    #         y = bbox.y.lb * 40 + 10
    #         width = bbox.width() * 40
    #         height = bbox.height() * 40
    #         print("<rect class=\"net\" x=\"{}\" y=\"{}\" width=\"{}\" \
    # height=\"{}\"/>".format(x, y, width, height))

>       assert(place[0][1] < 0)
E       assert 1 < 0

tests/test_place.py:85: AssertionError
----------------------------- Captured stdout call -----------------------------
Total HPWL before = 439400 + 107880 = 547280
Worst wirelength before = 2200
