============================= test session starts ==============================
platform linux -- Python 3.9.12, pytest-7.1.1, pluggy-1.0.0 -- /media/lubuntu/USBDISK/miniconda3/bin/python
cachedir: .pytest_cache
hypothesis profile 'default' -> database=DirectoryBasedExampleDatabase('/media/lubuntu/USBDISK/github/luk036/py/nnsplace/.hypothesis/examples')
benchmark: 3.4.1 (defaults: timer=time.perf_counter disable_gc=False min_rounds=5 min_time=0.000005 max_time=1.0 calibration_precision=10 warmup=False warmup_iterations=100000)
rootdir: /media/lubuntu/USBDISK/github/luk036/py/nnsplace, configfile: setup.cfg
plugins: hypothesis-6.46.1, cov-3.0.0, benchmark-3.4.1
collecting ... collected 2 items

tests/test_place.py::test_drawf PASSED                                   [ 50%]
tests/test_place.py::test_placement FAILED                               [100%]

=================================== FAILURES ===================================
________________________________ test_placement ________________________________

    def test_placement() -> None:
        H = read_json("testcases/p1.json")
        # count_2 = 0
        # count_3 = 0
        # count_rest = 0
        # for net in H.nets:
        #     deg = H.gra.degree(net)
        #     if deg == 2:
        #         count_2 += 1
        #     elif deg == 3:
        #         count_3 += 1
        #     else:
        #         count_rest += 1
        # print(count_2, count_3, count_rest)
        # assert count_2 == 494
        # 00321C
        # EC0000
        placer = NnsPlacer(H, NnsConfig(32, 32, 40, 40))
        place = [[], []]
        place[0] = [0 for _ in range(H.number_of_modules())]  # x-direction
        place[1] = [0 for _ in range(H.number_of_modules())]  # y-direction
        placer.init_placement(place)
        # assert place[0][1] == 1
        # assert place[1][1] == 0
        # assert placer.count[1][0] == 32
        # assert placer.count[1][26] == 1
        # assert placer.count[1][27] == 0
        # assert placer.count[0][0] == 27
        # assert placer.count[0][1] == 26
        hpwl_x, hpwl_y = placer.calc_total_hpwl(place)
        print("Total HPWL before = {} + {} = {}".format(
                  hpwl_x, hpwl_y, hpwl_x + hpwl_y))
        print("Worst wirelength before = {}".format(
                  placer.calc_worst_wirelength(place)))

        niter, worst = placer.run(place)
        # placer.apply_howard(place, 0)
        # placer.legalize(place, 1)
        # worst = placer.calc_worst_wirelength(place)

        print("Number of iterations = {}".format(niter))
        hpwl_x, hpwl_y = placer.calc_total_hpwl(place)
        print("Total HPWL after = {} + {} = {}".format(
                  hpwl_x, hpwl_y, hpwl_x + hpwl_y))
        print("Worst wirelength after = {}".format(worst))

        # for v in H:
        #     print("<use x=\"{}\" y=\"{}\" href=\"#r1\"/>"
        #           .format(place[0][v] * 40, place[1][v] * 40))
        for net in H.nets:
            adjs = iter(H.gr[net])
            v = next(adjs)
            p = Point(place[0][v], place[1][v])
            bbox = Rect(Interval(p.x, p.x), Interval(p.y, p.y))
            for v in adjs:
                q = Point(place[0][v], place[1][v])
                bbox = bbox.hull_with(q)
            x = bbox.x.lb * 40 + 10
            y = bbox.y.lb * 40 + 10
            width = bbox.width() * 40
            height = bbox.height() * 40
            print("<rect class=\"net\" x=\"{}\" y=\"{}\" width=\"{}\" \
    height=\"{}\"/>".format(x, y, width, height))

>       assert(place[0][1] < 0)
E       assert 9 < 0

tests/test_place.py:87: AssertionError
----------------------------- Captured stdout call -----------------------------
Total HPWL before = 439400 + 107880 = 547280
Worst wirelength before = 2200
Number of iterations = 4
Total HPWL after = 332960 + 313640 = 646600
Worst wirelength after = 2000
<rect class="net" x="10" y="10" width="360" height="200"/>
<rect class="net" x="370" y="130" width="0" height="760"/>
<rect class="net" x="50" y="10" width="320" height="200"/>
<rect class="net" x="370" y="130" width="200" height="280"/>
<rect class="net" x="370" y="890" width="400" height="360"/>
<rect class="net" x="50" y="10" width="40" height="0"/>
<rect class="net" x="50" y="10" width="720" height="440"/>
<rect class="net" x="50" y="10" width="80" height="0"/>
<rect class="net" x="90" y="10" width="40" height="0"/>
<rect class="net" x="130" y="10" width="640" height="0"/>
<rect class="net" x="530" y="10" width="240" height="920"/>
<rect class="net" x="50" y="610" width="480" height="560"/>
<rect class="net" x="10" y="250" width="680" height="960"/>
<rect class="net" x="410" y="330" width="240" height="360"/>
<rect class="net" x="490" y="330" width="240" height="840"/>
<rect class="net" x="450" y="90" width="200" height="240"/>
<rect class="net" x="450" y="10" width="0" height="80"/>
<rect class="net" x="450" y="90" width="160" height="240"/>
<rect class="net" x="90" y="170" width="880" height="960"/>
<rect class="net" x="170" y="10" width="1080" height="920"/>
<rect class="net" x="10" y="210" width="1200" height="800"/>
<rect class="net" x="770" y="210" width="200" height="120"/>
<rect class="net" x="650" y="130" width="200" height="760"/>
<rect class="net" x="770" y="130" width="360" height="80"/>
<rect class="net" x="770" y="50" width="280" height="880"/>
<rect class="net" x="210" y="570" width="440" height="320"/>
<rect class="net" x="610" y="130" width="40" height="760"/>
<rect class="net" x="210" y="130" width="440" height="760"/>
<rect class="net" x="850" y="450" width="200" height="440"/>
<rect class="net" x="410" y="210" width="760" height="920"/>
<rect class="net" x="850" y="130" width="320" height="760"/>
<rect class="net" x="850" y="1010" width="80" height="0"/>
<rect class="net" x="770" y="130" width="440" height="880"/>
<rect class="net" x="690" y="130" width="400" height="880"/>
<rect class="net" x="970" y="90" width="120" height="240"/>
<rect class="net" x="210" y="330" width="840" height="640"/>
<rect class="net" x="930" y="250" width="80" height="200"/>
<rect class="net" x="210" y="210" width="720" height="360"/>
<rect class="net" x="50" y="210" width="1200" height="880"/>
<rect class="net" x="290" y="170" width="960" height="280"/>
<rect class="net" x="1050" y="410" width="40" height="40"/>
<rect class="net" x="10" y="130" width="800" height="800"/>
<rect class="net" x="810" y="210" width="280" height="920"/>
<rect class="net" x="10" y="210" width="800" height="800"/>
<rect class="net" x="170" y="210" width="1080" height="720"/>
<rect class="net" x="810" y="210" width="120" height="800"/>
<rect class="net" x="610" y="90" width="480" height="320"/>
<rect class="net" x="890" y="170" width="120" height="160"/>
<rect class="net" x="930" y="170" width="80" height="840"/>
<rect class="net" x="930" y="90" width="0" height="920"/>
<rect class="net" x="490" y="130" width="400" height="360"/>
<rect class="net" x="490" y="50" width="400" height="280"/>
<rect class="net" x="490" y="130" width="120" height="0"/>
<rect class="net" x="10" y="130" width="1160" height="1000"/>
<rect class="net" x="650" y="290" width="440" height="120"/>
<rect class="net" x="890" y="330" width="160" height="80"/>
<rect class="net" x="330" y="130" width="320" height="240"/>
<rect class="net" x="970" y="250" width="280" height="920"/>
<rect class="net" x="690" y="210" width="480" height="840"/>
<rect class="net" x="530" y="90" width="520" height="40"/>
<rect class="net" x="1050" y="90" width="40" height="0"/>
<rect class="net" x="410" y="130" width="520" height="920"/>
<rect class="net" x="770" y="210" width="400" height="840"/>
<rect class="net" x="50" y="90" width="920" height="320"/>
<rect class="net" x="930" y="10" width="80" height="240"/>
<rect class="net" x="410" y="90" width="680" height="280"/>
<rect class="net" x="10" y="250" width="480" height="800"/>
<rect class="net" x="250" y="170" width="400" height="840"/>
<rect class="net" x="250" y="130" width="800" height="40"/>
<rect class="net" x="730" y="130" width="280" height="600"/>
<rect class="net" x="730" y="90" width="360" height="1000"/>
<rect class="net" x="890" y="90" width="80" height="840"/>
<rect class="net" x="530" y="90" width="360" height="200"/>
<rect class="net" x="530" y="90" width="360" height="440"/>
<rect class="net" x="650" y="90" width="240" height="40"/>
<rect class="net" x="530" y="90" width="0" height="200"/>
<rect class="net" x="530" y="130" width="120" height="160"/>
<rect class="net" x="530" y="90" width="280" height="440"/>
<rect class="net" x="530" y="250" width="280" height="280"/>
<rect class="net" x="210" y="250" width="600" height="280"/>
<rect class="net" x="530" y="90" width="40" height="160"/>
<rect class="net" x="170" y="250" width="360" height="160"/>
<rect class="net" x="210" y="50" width="640" height="200"/>
<rect class="net" x="610" y="130" width="520" height="120"/>
<rect class="net" x="730" y="50" width="80" height="1000"/>
<rect class="net" x="810" y="50" width="400" height="200"/>
<rect class="net" x="130" y="50" width="680" height="520"/>
<rect class="net" x="130" y="570" width="480" height="560"/>
<rect class="net" x="130" y="90" width="1000" height="920"/>
<rect class="net" x="130" y="210" width="1000" height="360"/>
<rect class="net" x="130" y="170" width="240" height="760"/>
<rect class="net" x="250" y="930" width="880" height="120"/>
<rect class="net" x="250" y="930" width="520" height="80"/>
<rect class="net" x="90" y="130" width="760" height="880"/>
<rect class="net" x="770" y="90" width="440" height="960"/>
<rect class="net" x="570" y="170" width="480" height="200"/>
<rect class="net" x="1050" y="170" width="40" height="440"/>
<rect class="net" x="850" y="50" width="200" height="120"/>
<rect class="net" x="890" y="50" width="240" height="120"/>
<rect class="net" x="970" y="90" width="240" height="920"/>
<rect class="net" x="930" y="50" width="240" height="40"/>
<rect class="net" x="890" y="50" width="280" height="40"/>
<rect class="net" x="850" y="50" width="320" height="40"/>
<rect class="net" x="970" y="210" width="160" height="800"/>
<rect class="net" x="850" y="50" width="160" height="880"/>
<rect class="net" x="850" y="10" width="160" height="920"/>
<rect class="net" x="1010" y="10" width="0" height="40"/>
<rect class="net" x="690" y="370" width="400" height="240"/>
<rect class="net" x="810" y="250" width="120" height="800"/>
<rect class="net" x="810" y="290" width="120" height="760"/>
<rect class="net" x="170" y="370" width="520" height="40"/>
<rect class="net" x="330" y="90" width="840" height="120"/>
<rect class="net" x="210" y="130" width="640" height="960"/>
<rect class="net" x="290" y="130" width="560" height="120"/>
<rect class="net" x="890" y="50" width="40" height="240"/>
<rect class="net" x="1130" y="90" width="80" height="120"/>
<rect class="net" x="210" y="50" width="640" height="200"/>
<rect class="net" x="810" y="50" width="40" height="200"/>
<rect class="net" x="570" y="90" width="280" height="80"/>
<rect class="net" x="810" y="90" width="40" height="160"/>
<rect class="net" x="810" y="250" width="120" height="40"/>
<rect class="net" x="930" y="290" width="120" height="80"/>
<rect class="net" x="210" y="250" width="600" height="0"/>
<rect class="net" x="1210" y="90" width="40" height="320"/>
<rect class="net" x="250" y="370" width="400" height="680"/>
<rect class="net" x="250" y="250" width="800" height="400"/>
<rect class="net" x="130" y="330" width="1120" height="400"/>
<rect class="net" x="250" y="170" width="440" height="840"/>
<rect class="net" x="970" y="850" width="200" height="280"/>
<rect class="net" x="970" y="1130" width="120" height="40"/>
<rect class="net" x="970" y="970" width="80" height="160"/>
<rect class="net" x="730" y="290" width="440" height="840"/>
<rect class="net" x="810" y="250" width="440" height="800"/>
<rect class="net" x="730" y="970" width="360" height="80"/>
<rect class="net" x="1050" y="970" width="40" height="80"/>
<rect class="net" x="890" y="1050" width="200" height="120"/>
<rect class="net" x="1090" y="1050" width="120" height="40"/>
<rect class="net" x="50" y="130" width="280" height="920"/>
<rect class="net" x="330" y="210" width="880" height="80"/>
<rect class="net" x="330" y="210" width="920" height="760"/>
<rect class="net" x="330" y="210" width="840" height="320"/>
<rect class="net" x="810" y="530" width="120" height="440"/>
<rect class="net" x="810" y="330" width="440" height="640"/>
<rect class="net" x="170" y="490" width="680" height="560"/>
<rect class="net" x="810" y="290" width="400" height="800"/>
<rect class="net" x="650" y="1010" width="440" height="160"/>
<rect class="net" x="210" y="610" width="480" height="400"/>
<rect class="net" x="250" y="370" width="1000" height="0"/>
<rect class="net" x="210" y="170" width="160" height="320"/>
<rect class="net" x="730" y="450" width="280" height="600"/>
<rect class="net" x="290" y="490" width="480" height="600"/>
<rect class="net" x="290" y="490" width="80" height="600"/>
<rect class="net" x="170" y="330" width="320" height="320"/>
<rect class="net" x="370" y="1010" width="760" height="80"/>
<rect class="net" x="1010" y="1010" width="200" height="80"/>
<rect class="net" x="1010" y="650" width="120" height="360"/>
<rect class="net" x="330" y="450" width="800" height="640"/>
<rect class="net" x="1010" y="810" width="160" height="200"/>
<rect class="net" x="770" y="650" width="360" height="400"/>
<rect class="net" x="850" y="1010" width="280" height="40"/>
<rect class="net" x="1170" y="290" width="0" height="760"/>
<rect class="net" x="850" y="410" width="320" height="640"/>
<rect class="net" x="10" y="210" width="240" height="800"/>
<rect class="net" x="10" y="770" width="280" height="360"/>
<rect class="net" x="10" y="210" width="240" height="520"/>
<rect class="net" x="10" y="490" width="160" height="40"/>
<rect class="net" x="10" y="530" width="80" height="480"/>
<rect class="net" x="10" y="1010" width="80" height="0"/>
<rect class="net" x="490" y="170" width="680" height="800"/>
<rect class="net" x="1050" y="370" width="200" height="560"/>
<rect class="net" x="410" y="930" width="640" height="200"/>
<rect class="net" x="890" y="930" width="160" height="240"/>
<rect class="net" x="10" y="170" width="760" height="960"/>
<rect class="net" x="130" y="170" width="960" height="40"/>
<rect class="net" x="1010" y="210" width="200" height="800"/>
<rect class="net" x="530" y="210" width="560" height="320"/>
<rect class="net" x="130" y="170" width="840" height="760"/>
<rect class="net" x="410" y="170" width="440" height="360"/>
<rect class="net" x="1010" y="130" width="80" height="240"/>
<rect class="net" x="1090" y="130" width="120" height="880"/>
<rect class="net" x="50" y="250" width="1080" height="240"/>
<rect class="net" x="50" y="370" width="1080" height="120"/>
<rect class="net" x="50" y="410" width="680" height="80"/>
<rect class="net" x="490" y="250" width="720" height="280"/>
<rect class="net" x="610" y="210" width="80" height="280"/>
<rect class="net" x="330" y="330" width="880" height="280"/>
<rect class="net" x="650" y="170" width="320" height="280"/>
<rect class="net" x="50" y="330" width="1160" height="640"/>
<rect class="net" x="10" y="370" width="1160" height="640"/>
<rect class="net" x="10" y="330" width="800" height="800"/>
<rect class="net" x="10" y="170" width="920" height="200"/>
<rect class="net" x="330" y="210" width="400" height="800"/>
<rect class="net" x="50" y="330" width="680" height="680"/>
<rect class="net" x="10" y="370" width="880" height="600"/>
<rect class="net" x="10" y="210" width="720" height="840"/>
<rect class="net" x="10" y="210" width="0" height="960"/>
<rect class="net" x="450" y="450" width="560" height="680"/>
<rect class="net" x="930" y="170" width="320" height="80"/>
<rect class="net" x="610" y="210" width="120" height="280"/>
<rect class="net" x="90" y="210" width="640" height="160"/>
<rect class="net" x="330" y="210" width="400" height="320"/>
<rect class="net" x="50" y="370" width="840" height="600"/>
<rect class="net" x="650" y="450" width="360" height="520"/>
<rect class="net" x="50" y="330" width="680" height="360"/>
<rect class="net" x="450" y="210" width="280" height="200"/>
<rect class="net" x="90" y="450" width="560" height="240"/>
<rect class="net" x="50" y="330" width="400" height="600"/>
<rect class="net" x="1010" y="250" width="240" height="200"/>
<rect class="net" x="890" y="370" width="120" height="80"/>
<rect class="net" x="1010" y="450" width="200" height="520"/>
<rect class="net" x="570" y="450" width="640" height="520"/>
<rect class="net" x="490" y="210" width="240" height="760"/>
<rect class="net" x="50" y="370" width="800" height="720"/>
<rect class="net" x="410" y="410" width="280" height="600"/>
<rect class="net" x="690" y="370" width="360" height="40"/>
<rect class="net" x="370" y="290" width="680" height="80"/>
<rect class="net" x="850" y="250" width="240" height="840"/>
<rect class="net" x="850" y="330" width="240" height="760"/>
<rect class="net" x="570" y="170" width="400" height="280"/>
<rect class="net" x="570" y="370" width="360" height="80"/>
<rect class="net" x="50" y="250" width="600" height="400"/>
<rect class="net" x="50" y="170" width="920" height="680"/>
<rect class="net" x="970" y="170" width="0" height="120"/>
<rect class="net" x="730" y="530" width="0" height="40"/>
<rect class="net" x="290" y="530" width="440" height="480"/>
<rect class="net" x="290" y="1010" width="280" height="40"/>
<rect class="net" x="570" y="370" width="360" height="680"/>
<rect class="net" x="730" y="370" width="240" height="440"/>
<rect class="net" x="610" y="210" width="640" height="640"/>
<rect class="net" x="170" y="370" width="680" height="240"/>
<rect class="net" x="10" y="410" width="880" height="40"/>
<rect class="net" x="170" y="370" width="760" height="240"/>
<rect class="net" x="530" y="410" width="320" height="0"/>
<rect class="net" x="650" y="370" width="40" height="160"/>
<rect class="net" x="610" y="330" width="80" height="200"/>
<rect class="net" x="610" y="410" width="80" height="120"/>
<rect class="net" x="170" y="370" width="480" height="240"/>
<rect class="net" x="170" y="570" width="840" height="40"/>
<rect class="net" x="530" y="370" width="360" height="40"/>
<rect class="net" x="850" y="370" width="280" height="160"/>
<rect class="net" x="730" y="370" width="480" height="120"/>
<rect class="net" x="810" y="370" width="80" height="80"/>
<rect class="net" x="370" y="370" width="520" height="120"/>
<rect class="net" x="730" y="370" width="80" height="120"/>
<rect class="net" x="730" y="410" width="200" height="80"/>
<rect class="net" x="930" y="410" width="80" height="160"/>
<rect class="net" x="530" y="410" width="120" height="200"/>
<rect class="net" x="370" y="330" width="320" height="280"/>
<rect class="net" x="770" y="570" width="320" height="160"/>
<rect class="net" x="570" y="410" width="640" height="0"/>
<rect class="net" x="490" y="410" width="80" height="0"/>
<rect class="net" x="90" y="370" width="1120" height="200"/>
<rect class="net" x="90" y="370" width="1160" height="480"/>
<rect class="net" x="1010" y="490" width="200" height="40"/>
<rect class="net" x="90" y="490" width="1120" height="80"/>
<rect class="net" x="90" y="450" width="1160" height="120"/>
<rect class="net" x="90" y="490" width="720" height="80"/>
<rect class="net" x="970" y="450" width="240" height="80"/>
<rect class="net" x="890" y="450" width="320" height="280"/>
<rect class="net" x="970" y="450" width="200" height="160"/>
<rect class="net" x="970" y="490" width="160" height="40"/>
<rect class="net" x="810" y="370" width="400" height="240"/>
<rect class="net" x="1130" y="450" width="40" height="40"/>
<rect class="net" x="1010" y="370" width="200" height="240"/>
<rect class="net" x="1130" y="370" width="80" height="120"/>
<rect class="net" x="1010" y="490" width="80" height="40"/>
<rect class="net" x="1010" y="490" width="40" height="40"/>
<rect class="net" x="1050" y="490" width="120" height="40"/>
<rect class="net" x="1050" y="490" width="0" height="40"/>
<rect class="net" x="1090" y="490" width="80" height="0"/>
<rect class="net" x="1050" y="490" width="120" height="0"/>
<rect class="net" x="1090" y="490" width="0" height="40"/>
<rect class="net" x="1050" y="490" width="80" height="120"/>
<rect class="net" x="1090" y="530" width="80" height="80"/>
<rect class="net" x="1130" y="490" width="0" height="120"/>
<rect class="net" x="410" y="490" width="560" height="120"/>
<rect class="net" x="770" y="250" width="200" height="480"/>
<rect class="net" x="810" y="490" width="440" height="0"/>
<rect class="net" x="970" y="530" width="240" height="80"/>
<rect class="net" x="1010" y="490" width="120" height="120"/>
<rect class="net" x="770" y="450" width="360" height="240"/>
<rect class="net" x="1130" y="450" width="0" height="160"/>
<rect class="net" x="1130" y="450" width="0" height="480"/>
<rect class="net" x="730" y="170" width="40" height="520"/>
<rect class="net" x="810" y="490" width="440" height="80"/>
<rect class="net" x="130" y="490" width="680" height="120"/>
<rect class="net" x="1090" y="570" width="80" height="200"/>
<rect class="net" x="970" y="610" width="200" height="120"/>
<rect class="net" x="890" y="450" width="360" height="280"/>
<rect class="net" x="770" y="290" width="400" height="360"/>
<rect class="net" x="1130" y="450" width="120" height="280"/>
<rect class="net" x="1090" y="570" width="40" height="160"/>
<rect class="net" x="1250" y="450" width="0" height="120"/>
<rect class="net" x="1090" y="450" width="160" height="120"/>
<rect class="net" x="850" y="570" width="400" height="0"/>
<rect class="net" x="850" y="570" width="360" height="0"/>
<rect class="net" x="850" y="570" width="240" height="0"/>
<rect class="net" x="850" y="570" width="280" height="200"/>
<rect class="net" x="730" y="250" width="440" height="320"/>
<rect class="net" x="130" y="250" width="960" height="720"/>
<rect class="net" x="410" y="250" width="360" height="920"/>
<rect class="net" x="890" y="610" width="200" height="360"/>
<rect class="net" x="810" y="570" width="320" height="400"/>
<rect class="net" x="850" y="610" width="240" height="360"/>
<rect class="net" x="170" y="290" width="960" height="480"/>
<rect class="net" x="810" y="290" width="40" height="320"/>
<rect class="net" x="810" y="210" width="440" height="80"/>
<rect class="net" x="610" y="290" width="200" height="840"/>
<rect class="net" x="730" y="170" width="520" height="880"/>
<rect class="net" x="170" y="170" width="1000" height="400"/>
<rect class="net" x="250" y="170" width="920" height="600"/>
<rect class="net" x="1130" y="570" width="40" height="360"/>
<rect class="net" x="970" y="570" width="200" height="360"/>
<rect class="net" x="970" y="610" width="160" height="160"/>
<rect class="net" x="130" y="610" width="1080" height="0"/>
<rect class="net" x="130" y="610" width="1080" height="0"/>
<rect class="net" x="130" y="570" width="680" height="40"/>
<rect class="net" x="170" y="210" width="600" height="840"/>
<rect class="net" x="1050" y="570" width="160" height="360"/>
<rect class="net" x="770" y="570" width="480" height="240"/>
<rect class="net" x="170" y="570" width="1080" height="400"/>
<rect class="net" x="1130" y="570" width="40" height="120"/>
<rect class="net" x="1050" y="650" width="160" height="40"/>
<rect class="net" x="1050" y="650" width="160" height="200"/>
<rect class="net" x="1050" y="690" width="40" height="0"/>
<rect class="net" x="1090" y="650" width="120" height="40"/>
<rect class="net" x="930" y="650" width="160" height="400"/>
<rect class="net" x="1170" y="610" width="80" height="80"/>
<rect class="net" x="1130" y="690" width="80" height="0"/>
<rect class="net" x="1170" y="610" width="80" height="520"/>
<rect class="net" x="1250" y="690" width="0" height="400"/>
<rect class="net" x="1250" y="690" width="0" height="400"/>
<rect class="net" x="1250" y="690" width="0" height="280"/>
<rect class="net" x="1170" y="970" width="80" height="120"/>
<rect class="net" x="930" y="970" width="240" height="80"/>
<rect class="net" x="1170" y="650" width="80" height="40"/>
<rect class="net" x="1210" y="650" width="40" height="400"/>
<rect class="net" x="730" y="690" width="200" height="400"/>
<rect class="net" x="770" y="1130" width="400" height="120"/>
<rect class="net" x="770" y="930" width="440" height="320"/>
<rect class="net" x="1010" y="610" width="240" height="200"/>
<rect class="net" x="410" y="610" width="840" height="440"/>
<rect class="net" x="890" y="650" width="360" height="160"/>
<rect class="net" x="890" y="650" width="360" height="160"/>
<rect class="net" x="850" y="770" width="160" height="280"/>
<rect class="net" x="930" y="770" width="80" height="200"/>
<rect class="net" x="1010" y="770" width="40" height="40"/>
<rect class="net" x="970" y="770" width="40" height="40"/>
<rect class="net" x="810" y="610" width="240" height="160"/>
<rect class="net" x="850" y="490" width="200" height="280"/>
<rect class="net" x="810" y="610" width="240" height="360"/>
<rect class="net" x="850" y="490" width="160" height="120"/>
<rect class="net" x="810" y="610" width="240" height="120"/>
<rect class="net" x="850" y="490" width="200" height="120"/>
<rect class="net" x="930" y="490" width="120" height="240"/>
<rect class="net" x="930" y="650" width="80" height="80"/>
<rect class="net" x="930" y="490" width="120" height="240"/>
<rect class="net" x="930" y="650" width="120" height="80"/>
<rect class="net" x="930" y="490" width="80" height="200"/>
<rect class="net" x="930" y="650" width="80" height="40"/>
<rect class="net" x="690" y="490" width="240" height="160"/>
<rect class="net" x="850" y="650" width="80" height="40"/>
<rect class="net" x="810" y="610" width="40" height="80"/>
<rect class="net" x="690" y="490" width="160" height="160"/>
<rect class="net" x="730" y="650" width="280" height="40"/>
<rect class="net" x="450" y="650" width="520" height="200"/>
<rect class="net" x="850" y="650" width="120" height="400"/>
<rect class="net" x="690" y="650" width="160" height="200"/>
<rect class="net" x="690" y="650" width="200" height="40"/>
<rect class="net" x="690" y="450" width="160" height="280"/>
<rect class="net" x="850" y="450" width="0" height="240"/>
<rect class="net" x="810" y="450" width="40" height="0"/>
<rect class="net" x="810" y="130" width="0" height="600"/>
<rect class="net" x="850" y="770" width="120" height="280"/>
<rect class="net" x="850" y="970" width="80" height="160"/>
<rect class="net" x="890" y="690" width="160" height="400"/>
<rect class="net" x="810" y="690" width="80" height="400"/>
<rect class="net" x="810" y="650" width="200" height="240"/>
<rect class="net" x="890" y="690" width="0" height="240"/>
<rect class="net" x="810" y="690" width="120" height="0"/>
<rect class="net" x="810" y="690" width="80" height="120"/>
<rect class="net" x="930" y="650" width="40" height="40"/>
<rect class="net" x="890" y="690" width="40" height="120"/>
<rect class="net" x="930" y="650" width="40" height="80"/>
<rect class="net" x="930" y="730" width="40" height="0"/>
<rect class="net" x="890" y="730" width="80" height="80"/>
<rect class="net" x="970" y="730" width="80" height="160"/>
<rect class="net" x="890" y="210" width="120" height="680"/>
<rect class="net" x="450" y="730" width="400" height="400"/>
<rect class="net" x="170" y="850" width="280" height="160"/>
<rect class="net" x="850" y="690" width="120" height="40"/>
<rect class="net" x="850" y="730" width="200" height="160"/>
<rect class="net" x="850" y="690" width="120" height="160"/>
<rect class="net" x="1050" y="730" width="160" height="160"/>
<rect class="net" x="930" y="730" width="280" height="120"/>
<rect class="net" x="770" y="730" width="440" height="0"/>
<rect class="net" x="210" y="730" width="1000" height="400"/>
<rect class="net" x="730" y="130" width="280" height="920"/>
<rect class="net" x="810" y="130" width="360" height="640"/>
<rect class="net" x="250" y="130" width="560" height="640"/>
<rect class="net" x="810" y="450" width="80" height="320"/>
<rect class="net" x="810" y="450" width="80" height="640"/>
<rect class="net" x="810" y="890" width="240" height="200"/>
<rect class="net" x="810" y="650" width="120" height="480"/>
<rect class="net" x="810" y="650" width="40" height="480"/>
<rect class="net" x="850" y="730" width="320" height="400"/>
<rect class="net" x="690" y="370" width="440" height="680"/>
<rect class="net" x="890" y="170" width="240" height="200"/>
<rect class="net" x="1090" y="290" width="40" height="80"/>
<rect class="net" x="970" y="250" width="200" height="200"/>
<rect class="net" x="1130" y="250" width="40" height="160"/>
<rect class="net" x="410" y="250" width="720" height="360"/>
<rect class="net" x="490" y="290" width="640" height="320"/>
<rect class="net" x="810" y="330" width="360" height="560"/>
<rect class="net" x="810" y="330" width="360" height="560"/>
<rect class="net" x="610" y="370" width="560" height="640"/>
<rect class="net" x="1050" y="330" width="120" height="680"/>
<rect class="net" x="1050" y="570" width="120" height="440"/>
<rect class="net" x="410" y="170" width="840" height="920"/>
<rect class="net" x="450" y="250" width="320" height="840"/>
<rect class="net" x="530" y="650" width="520" height="440"/>
<rect class="net" x="90" y="810" width="680" height="280"/>
<rect class="net" x="770" y="1010" width="480" height="80"/>
<rect class="net" x="330" y="250" width="440" height="680"/>
<rect class="net" x="530" y="450" width="240" height="480"/>
<rect class="net" x="770" y="330" width="240" height="720"/>
<rect class="net" x="450" y="250" width="320" height="800"/>
<rect class="net" x="610" y="650" width="160" height="320"/>
<rect class="net" x="330" y="650" width="440" height="560"/>
<rect class="net" x="410" y="650" width="440" height="440"/>
<rect class="net" x="530" y="650" width="160" height="440"/>
<rect class="net" x="50" y="370" width="480" height="840"/>
<rect class="net" x="650" y="850" width="400" height="160"/>
<rect class="net" x="330" y="250" width="720" height="600"/>
<rect class="net" x="330" y="650" width="720" height="560"/>
<rect class="net" x="530" y="450" width="400" height="320"/>
<rect class="net" x="50" y="330" width="1200" height="760"/>
<rect class="net" x="1050" y="290" width="200" height="720"/>
<rect class="net" x="930" y="770" width="320" height="240"/>
<rect class="net" x="1010" y="330" width="80" height="600"/>
<rect class="net" x="250" y="930" width="360" height="120"/>
<rect class="net" x="50" y="370" width="160" height="640"/>
<rect class="net" x="370" y="290" width="720" height="360"/>
<rect class="net" x="90" y="170" width="800" height="960"/>
<rect class="net" x="450" y="290" width="520" height="920"/>
<rect class="net" x="330" y="210" width="80" height="960"/>
<rect class="net" x="490" y="210" width="560" height="1000"/>
<rect class="net" x="570" y="210" width="560" height="1000"/>
<rect class="net" x="450" y="250" width="680" height="0"/>
<rect class="net" x="850" y="250" width="280" height="720"/>
<rect class="net" x="330" y="1050" width="680" height="160"/>
<rect class="net" x="650" y="1050" width="360" height="40"/>
<rect class="net" x="1050" y="250" width="80" height="800"/>
<rect class="net" x="410" y="290" width="320" height="640"/>
<rect class="net" x="210" y="570" width="120" height="400"/>
<rect class="net" x="250" y="810" width="240" height="200"/>
<rect class="net" x="450" y="770" width="640" height="40"/>
<rect class="net" x="450" y="770" width="480" height="160"/>
<rect class="net" x="250" y="690" width="1000" height="480"/>
<rect class="net" x="250" y="170" width="640" height="1000"/>
<rect class="net" x="90" y="210" width="320" height="960"/>
<rect class="net" x="330" y="290" width="520" height="680"/>
<rect class="net" x="250" y="210" width="160" height="480"/>
<rect class="net" x="770" y="210" width="120" height="760"/>
<rect class="net" x="690" y="330" width="560" height="760"/>
<rect class="net" x="850" y="210" width="40" height="760"/>
<rect class="net" x="490" y="210" width="360" height="120"/>
<rect class="net" x="410" y="170" width="400" height="800"/>
<rect class="net" x="570" y="290" width="440" height="800"/>
<rect class="net" x="690" y="290" width="560" height="800"/>
<rect class="net" x="10" y="250" width="1240" height="760"/>
<rect class="net" x="530" y="130" width="720" height="160"/>
<rect class="net" x="650" y="50" width="600" height="720"/>
<rect class="net" x="690" y="50" width="120" height="880"/>
<rect class="net" x="10" y="850" width="880" height="80"/>
<rect class="net" x="10" y="690" width="1120" height="360"/>
<rect class="net" x="10" y="850" width="880" height="160"/>
<rect class="net" x="810" y="850" width="160" height="280"/>
<rect class="net" x="730" y="890" width="400" height="280"/>
<rect class="net" x="730" y="850" width="400" height="40"/>
<rect class="net" x="10" y="570" width="1160" height="520"/>
<rect class="net" x="90" y="650" width="200" height="360"/>
<rect class="net" x="10" y="290" width="1160" height="720"/>
<rect class="net" x="90" y="210" width="80" height="800"/>
<rect class="net" x="90" y="290" width="760" height="520"/>
<rect class="net" x="90" y="210" width="320" height="520"/>
<rect class="net" x="10" y="290" width="1160" height="640"/>
<rect class="net" x="90" y="210" width="760" height="520"/>
<rect class="net" x="50" y="210" width="840" height="520"/>
<rect class="net" x="10" y="210" width="480" height="80"/>
<rect class="net" x="10" y="170" width="1160" height="760"/>
<rect class="net" x="570" y="210" width="600" height="880"/>
<rect class="net" x="10" y="210" width="1040" height="640"/>
<rect class="net" x="10" y="210" width="1200" height="840"/>
<rect class="net" x="10" y="130" width="1040" height="120"/>
<rect class="net" x="10" y="50" width="640" height="800"/>
<rect class="net" x="50" y="50" width="720" height="800"/>
<rect class="net" x="90" y="730" width="760" height="200"/>
<rect class="net" x="490" y="730" width="720" height="320"/>
<rect class="net" x="570" y="730" width="640" height="200"/>
<rect class="net" x="690" y="810" width="520" height="320"/>
<rect class="net" x="770" y="770" width="440" height="360"/>
<rect class="net" x="770" y="770" width="440" height="360"/>
<rect class="net" x="410" y="610" width="320" height="480"/>
<rect class="net" x="90" y="50" width="800" height="1080"/>
<rect class="net" x="90" y="50" width="800" height="1080"/>
<rect class="net" x="50" y="210" width="440" height="880"/>
<rect class="net" x="330" y="170" width="80" height="960"/>
<rect class="net" x="370" y="1050" width="200" height="120"/>
<rect class="net" x="130" y="130" width="400" height="960"/>
<rect class="net" x="50" y="50" width="600" height="960"/>
<rect class="net" x="90" y="50" width="680" height="720"/>
<rect class="net" x="450" y="290" width="160" height="600"/>
<rect class="net" x="250" y="170" width="320" height="600"/>
<rect class="net" x="90" y="290" width="560" height="800"/>
<rect class="net" x="650" y="290" width="120" height="280"/>
<rect class="net" x="490" y="930" width="400" height="80"/>
<rect class="net" x="610" y="530" width="280" height="360"/>
<rect class="net" x="610" y="850" width="400" height="40"/>
<rect class="net" x="770" y="530" width="200" height="360"/>
<rect class="net" x="770" y="850" width="240" height="40"/>
<rect class="net" x="450" y="850" width="480" height="280"/>
<rect class="net" x="810" y="850" width="200" height="280"/>
<rect class="net" x="650" y="770" width="320" height="400"/>
<rect class="net" x="690" y="890" width="160" height="280"/>
<rect class="net" x="890" y="850" width="240" height="160"/>
<rect class="net" x="690" y="850" width="440" height="40"/>
<rect class="net" x="690" y="850" width="320" height="40"/>
<rect class="net" x="370" y="690" width="320" height="200"/>
<rect class="net" x="730" y="850" width="160" height="40"/>
<rect class="net" x="330" y="770" width="400" height="120"/>
<rect class="net" x="210" y="290" width="160" height="480"/>
<rect class="net" x="370" y="690" width="440" height="80"/>
<rect class="net" x="330" y="770" width="40" height="360"/>
<rect class="net" x="850" y="810" width="40" height="200"/>
<rect class="net" x="890" y="850" width="80" height="160"/>
<rect class="net" x="890" y="1010" width="40" height="120"/>
<rect class="net" x="610" y="970" width="360" height="80"/>
<rect class="net" x="610" y="1010" width="440" height="40"/>
<rect class="net" x="610" y="1010" width="280" height="40"/>
<rect class="net" x="210" y="890" width="400" height="160"/>
<rect class="net" x="690" y="930" width="80" height="200"/>
<rect class="net" x="370" y="770" width="400" height="360"/>
<rect class="net" x="210" y="290" width="160" height="600"/>
<rect class="net" x="210" y="810" width="0" height="80"/>
<rect class="net" x="770" y="450" width="400" height="320"/>
<rect class="net" x="690" y="770" width="480" height="40"/>
<rect class="net" x="690" y="770" width="120" height="40"/>
<rect class="net" x="450" y="170" width="760" height="640"/>
<rect class="net" x="170" y="210" width="240" height="400"/>
<rect class="net" x="50" y="250" width="360" height="360"/>
<rect class="net" x="50" y="250" width="160" height="560"/>
<rect class="net" x="50" y="210" width="1160" height="120"/>
<rect class="net" x="650" y="210" width="560" height="720"/>
<rect class="net" x="210" y="170" width="320" height="480"/>
<rect class="net" x="450" y="170" width="0" height="160"/>
<rect class="net" x="730" y="370" width="440" height="560"/>
<rect class="net" x="50" y="690" width="280" height="360"/>
<rect class="net" x="210" y="290" width="760" height="520"/>
<rect class="net" x="650" y="250" width="320" height="560"/>
<rect class="net" x="370" y="250" width="280" height="720"/>
<rect class="net" x="290" y="210" width="0" height="400"/>
<rect class="net" x="290" y="610" width="0" height="440"/>
<rect class="net" x="290" y="210" width="0" height="840"/>
<rect class="net" x="170" y="650" width="80" height="240"/>
<rect class="net" x="90" y="890" width="160" height="40"/>
<rect class="net" x="90" y="890" width="160" height="40"/>
<rect class="net" x="10" y="410" width="160" height="480"/>
<rect class="net" x="90" y="890" width="80" height="40"/>
<rect class="net" x="10" y="170" width="600" height="720"/>
<rect class="net" x="170" y="890" width="120" height="80"/>
<rect class="net" x="90" y="170" width="520" height="920"/>
<rect class="net" x="90" y="890" width="200" height="80"/>
<rect class="net" x="50" y="890" width="40" height="80"/>
<rect class="net" x="90" y="490" width="160" height="440"/>
<rect class="net" x="90" y="650" width="40" height="240"/>
<rect class="net" x="170" y="650" width="440" height="120"/>
<rect class="net" x="50" y="410" width="200" height="560"/>
<rect class="net" x="130" y="650" width="40" height="0"/>
<rect class="net" x="130" y="650" width="320" height="440"/>
<rect class="net" x="90" y="490" width="520" height="280"/>
<rect class="net" x="290" y="770" width="840" height="200"/>
<rect class="net" x="130" y="930" width="120" height="160"/>
<rect class="net" x="170" y="690" width="80" height="400"/>
<rect class="net" x="170" y="490" width="1080" height="480"/>
<rect class="net" x="10" y="250" width="280" height="600"/>
<rect class="net" x="50" y="850" width="1080" height="120"/>
<rect class="net" x="170" y="850" width="120" height="0"/>
<rect class="net" x="90" y="130" width="480" height="800"/>
<rect class="net" x="10" y="130" width="560" height="840"/>
<rect class="net" x="210" y="170" width="880" height="840"/>
<rect class="net" x="610" y="170" width="560" height="720"/>
<rect class="net" x="50" y="610" width="1040" height="480"/>
<rect class="net" x="90" y="490" width="1160" height="440"/>
<rect class="net" x="1090" y="890" width="80" height="40"/>
<rect class="net" x="50" y="610" width="400" height="440"/>
<rect class="net" x="170" y="890" width="1000" height="160"/>
<rect class="net" x="170" y="690" width="920" height="360"/>
<rect class="net" x="130" y="890" width="40" height="160"/>
<rect class="net" x="90" y="490" width="1160" height="360"/>
<rect class="net" x="90" y="770" width="1080" height="120"/>
<rect class="net" x="90" y="730" width="1160" height="40"/>
<rect class="net" x="10" y="690" width="600" height="120"/>
<rect class="net" x="170" y="690" width="240" height="120"/>
<rect class="net" x="90" y="330" width="0" height="760"/>
<rect class="net" x="10" y="610" width="80" height="480"/>
<rect class="net" x="170" y="850" width="960" height="120"/>
<rect class="net" x="490" y="130" width="80" height="600"/>
<rect class="net" x="170" y="730" width="320" height="0"/>
<rect class="net" x="10" y="730" width="160" height="200"/>
<rect class="net" x="10" y="890" width="0" height="40"/>
<rect class="net" x="530" y="50" width="160" height="120"/>
<rect class="net" x="530" y="50" width="200" height="120"/>
<rect class="net" x="50" y="170" width="480" height="40"/>
<rect class="net" x="10" y="650" width="440" height="400"/>
<rect class="net" x="10" y="530" width="760" height="280"/>
<rect class="net" x="10" y="210" width="40" height="440"/>
<rect class="net" x="10" y="210" width="40" height="240"/>
<rect class="net" x="10" y="650" width="480" height="80"/>
<rect class="net" x="10" y="450" width="0" height="280"/>
<rect class="net" x="50" y="290" width="80" height="240"/>
<rect class="net" x="50" y="250" width="80" height="280"/>
<rect class="net" x="50" y="330" width="480" height="200"/>
<rect class="net" x="330" y="610" width="240" height="440"/>
<rect class="net" x="370" y="370" width="440" height="320"/>
<rect class="net" x="530" y="330" width="40" height="280"/>
<rect class="net" x="530" y="330" width="240" height="480"/>
<rect class="net" x="490" y="650" width="120" height="240"/>
<rect class="net" x="610" y="690" width="160" height="120"/>
<rect class="net" x="450" y="450" width="40" height="440"/>
<rect class="net" x="490" y="530" width="0" height="360"/>
<rect class="net" x="490" y="810" width="120" height="80"/>
<rect class="net" x="90" y="690" width="520" height="320"/>
<rect class="net" x="610" y="210" width="80" height="800"/>
<rect class="net" x="570" y="210" width="120" height="600"/>
<rect class="net" x="410" y="690" width="160" height="120"/>
<rect class="net" x="370" y="690" width="80" height="40"/>
<rect class="net" x="210" y="730" width="200" height="280"/>
<rect class="net" x="370" y="570" width="40" height="160"/>
<rect class="net" x="210" y="1010" width="0" height="40"/>
<rect class="net" x="370" y="690" width="200" height="120"/>
<rect class="net" x="370" y="810" width="160" height="0"/>
<rect class="net" x="410" y="810" width="160" height="40"/>
<rect class="net" x="530" y="810" width="0" height="320"/>
<rect class="net" x="530" y="850" width="40" height="0"/>
<rect class="net" x="290" y="810" width="360" height="320"/>
<rect class="net" x="10" y="330" width="720" height="720"/>
<rect class="net" x="90" y="370" width="320" height="600"/>
<rect class="net" x="10" y="330" width="720" height="720"/>
<rect class="net" x="410" y="930" width="240" height="200"/>
<rect class="net" x="10" y="330" width="720" height="760"/>
<rect class="net" x="410" y="850" width="360" height="120"/>
<rect class="net" x="50" y="610" width="600" height="160"/>
<rect class="net" x="90" y="610" width="360" height="600"/>
<rect class="net" x="90" y="370" width="480" height="240"/>
<rect class="net" x="10" y="810" width="520" height="80"/>
<rect class="net" x="530" y="570" width="40" height="320"/>
<rect class="net" x="330" y="810" width="200" height="360"/>
<rect class="net" x="530" y="530" width="80" height="360"/>
<rect class="net" x="10" y="730" width="640" height="320"/>
<rect class="net" x="10" y="570" width="480" height="640"/>
<rect class="net" x="10" y="570" width="600" height="480"/>
<rect class="net" x="50" y="290" width="400" height="680"/>
<rect class="net" x="410" y="930" width="160" height="280"/>
<rect class="net" x="450" y="570" width="240" height="400"/>
<rect class="net" x="130" y="770" width="480" height="200"/>
<rect class="net" x="50" y="650" width="520" height="440"/>
<rect class="net" x="250" y="850" width="560" height="120"/>
<rect class="net" x="290" y="890" width="280" height="120"/>
<rect class="net" x="330" y="650" width="200" height="480"/>
<rect class="net" x="530" y="610" width="160" height="400"/>
<rect class="net" x="170" y="770" width="160" height="80"/>
<rect class="net" x="330" y="410" width="480" height="760"/>
<rect class="net" x="330" y="530" width="320" height="320"/>
<rect class="net" x="10" y="570" width="320" height="400"/>
<rect class="net" x="170" y="290" width="160" height="680"/>
<rect class="net" x="130" y="450" width="640" height="520"/>
<rect class="net" x="330" y="530" width="40" height="440"/>
<rect class="net" x="90" y="450" width="520" height="280"/>
<rect class="net" x="50" y="330" width="560" height="560"/>
<rect class="net" x="530" y="490" width="80" height="240"/>
<rect class="net" x="210" y="330" width="520" height="40"/>
<rect class="net" x="90" y="250" width="640" height="240"/>
<rect class="net" x="730" y="330" width="520" height="200"/>
<rect class="net" x="210" y="370" width="1040" height="480"/>
<rect class="net" x="370" y="370" width="880" height="480"/>
<rect class="net" x="610" y="290" width="160" height="560"/>
<rect class="net" x="570" y="370" width="120" height="80"/>
<rect class="net" x="450" y="530" width="160" height="40"/>
<rect class="net" x="490" y="490" width="120" height="80"/>
<rect class="net" x="330" y="570" width="360" height="80"/>
<rect class="net" x="570" y="770" width="240" height="80"/>
<rect class="net" x="570" y="490" width="120" height="120"/>
<rect class="net" x="290" y="530" width="360" height="120"/>
<rect class="net" x="370" y="490" width="280" height="40"/>
<rect class="net" x="530" y="490" width="240" height="80"/>
<rect class="net" x="370" y="490" width="880" height="40"/>
<rect class="net" x="50" y="410" width="320" height="560"/>
<rect class="net" x="370" y="810" width="360" height="160"/>
<rect class="net" x="330" y="650" width="280" height="360"/>
<rect class="net" x="370" y="610" width="360" height="360"/>
<rect class="net" x="50" y="450" width="280" height="240"/>
<rect class="net" x="330" y="690" width="480" height="120"/>
<rect class="net" x="330" y="530" width="520" height="160"/>
<rect class="net" x="10" y="410" width="600" height="240"/>
<rect class="net" x="450" y="650" width="160" height="360"/>
<rect class="net" x="330" y="530" width="280" height="120"/>
<rect class="net" x="50" y="730" width="520" height="280"/>
<rect class="net" x="570" y="770" width="200" height="240"/>
<rect class="net" x="570" y="610" width="40" height="400"/>
<rect class="net" x="10" y="330" width="360" height="680"/>
<rect class="net" x="370" y="890" width="560" height="120"/>
<rect class="net" x="330" y="610" width="40" height="400"/>
<rect class="net" x="330" y="410" width="520" height="200"/>
<rect class="net" x="730" y="610" width="0" height="160"/>
<rect class="net" x="850" y="450" width="240" height="80"/>
<rect class="net" x="210" y="450" width="120" height="80"/>
<rect class="net" x="610" y="610" width="40" height="160"/>
<rect class="net" x="290" y="450" width="40" height="160"/>
<rect class="net" x="410" y="890" width="160" height="80"/>
<rect class="net" x="610" y="730" width="80" height="360"/>
<rect class="net" x="410" y="370" width="360" height="40"/>
<rect class="net" x="370" y="410" width="40" height="520"/>
<rect class="net" x="90" y="250" width="1120" height="640"/>
<rect class="net" x="170" y="290" width="440" height="520"/>
<rect class="net" x="90" y="410" width="1120" height="480"/>
<rect class="net" x="170" y="450" width="960" height="360"/>
<rect class="net" x="330" y="410" width="360" height="40"/>
<rect class="net" x="210" y="410" width="240" height="280"/>
<rect class="net" x="330" y="490" width="120" height="80"/>
<rect class="net" x="90" y="290" width="400" height="200"/>
<rect class="net" x="210" y="490" width="280" height="40"/>
<rect class="net" x="210" y="330" width="120" height="320"/>
<rect class="net" x="210" y="290" width="880" height="480"/>
<rect class="net" x="210" y="290" width="880" height="480"/>
<rect class="net" x="330" y="610" width="40" height="40"/>
<rect class="net" x="170" y="330" width="400" height="440"/>
<rect class="net" x="170" y="530" width="400" height="240"/>
<rect class="net" x="90" y="410" width="480" height="120"/>
<rect class="net" x="530" y="490" width="40" height="120"/>
<rect class="net" x="290" y="530" width="880" height="120"/>
<rect class="net" x="290" y="490" width="480" height="160"/>
<rect class="net" x="130" y="490" width="640" height="480"/>
<rect class="net" x="210" y="490" width="440" height="280"/>
<rect class="net" x="210" y="570" width="560" height="360"/>
<rect class="net" x="90" y="530" width="680" height="40"/>
<rect class="net" x="90" y="490" width="440" height="600"/>
<rect class="net" x="250" y="490" width="120" height="40"/>
<rect class="net" x="250" y="530" width="960" height="240"/>
<rect class="net" x="690" y="490" width="40" height="280"/>
<rect class="net" x="530" y="450" width="560" height="520"/>
<rect class="net" x="1090" y="450" width="120" height="440"/>
<rect class="net" x="210" y="450" width="1000" height="600"/>
<rect class="net" x="210" y="450" width="40" height="160"/>
<rect class="net" x="90" y="610" width="560" height="440"/>
<rect class="net" x="250" y="730" width="400" height="40"/>
<rect class="net" x="250" y="450" width="680" height="640"/>
<rect class="net" x="210" y="450" width="80" height="200"/>
<rect class="net" x="210" y="650" width="360" height="480"/>
<rect class="net" x="170" y="450" width="120" height="640"/>
<rect class="net" x="50" y="290" width="1160" height="840"/>
<rect class="net" x="90" y="290" width="1120" height="840"/>
<rect class="net" x="450" y="810" width="680" height="120"/>
<rect class="net" x="210" y="690" width="240" height="120"/>
<rect class="net" x="90" y="290" width="400" height="520"/>
<rect class="net" x="210" y="330" width="120" height="240"/>
<rect class="net" x="170" y="330" width="240" height="600"/>
<rect class="net" x="90" y="410" width="480" height="240"/>
<rect class="net" x="450" y="530" width="720" height="120"/>
<rect class="net" x="130" y="410" width="680" height="560"/>
<rect class="net" x="490" y="530" width="280" height="400"/>
<rect class="net" x="330" y="330" width="200" height="760"/>
<rect class="net" x="450" y="490" width="760" height="40"/>
<rect class="net" x="530" y="410" width="440" height="560"/>
<rect class="net" x="450" y="410" width="80" height="640"/>
<rect class="net" x="90" y="530" width="320" height="520"/>
<rect class="net" x="530" y="530" width="400" height="560"/>
<rect class="net" x="250" y="170" width="320" height="960"/>
<rect class="net" x="10" y="250" width="640" height="960"/>
<rect class="net" x="50" y="250" width="1200" height="960"/>
<rect class="net" x="250" y="170" width="720" height="760"/>
<rect class="net" x="330" y="890" width="120" height="40"/>
<rect class="net" x="290" y="890" width="40" height="240"/>
<rect class="net" x="450" y="770" width="40" height="40"/>
<rect class="net" x="50" y="770" width="440" height="0"/>
<rect class="net" x="250" y="810" width="240" height="40"/>
<rect class="net" x="10" y="810" width="240" height="40"/>
<rect class="net" x="330" y="570" width="0" height="160"/>
<rect class="net" x="10" y="730" width="320" height="40"/>
<rect class="net" x="210" y="930" width="200" height="0"/>
<rect class="net" x="50" y="810" width="160" height="120"/>
<rect class="net" x="290" y="570" width="280" height="80"/>
<rect class="net" x="130" y="570" width="160" height="200"/>
<rect class="net" x="410" y="650" width="40" height="40"/>
<rect class="net" x="290" y="690" width="120" height="200"/>
<rect class="net" x="650" y="410" width="160" height="280"/>
<rect class="net" x="170" y="690" width="480" height="80"/>
<rect class="net" x="530" y="530" width="240" height="40"/>
<rect class="net" x="10" y="570" width="520" height="0"/>
<rect class="net" x="210" y="330" width="120" height="80"/>
<rect class="net" x="90" y="410" width="120" height="40"/>
<rect class="net" x="250" y="490" width="200" height="80"/>
<rect class="net" x="210" y="370" width="40" height="200"/>
<rect class="net" x="290" y="410" width="680" height="0"/>
<rect class="net" x="50" y="410" width="240" height="0"/>
<rect class="net" x="250" y="410" width="200" height="40"/>
<rect class="net" x="50" y="450" width="200" height="0"/>
<rect class="net" x="250" y="410" width="160" height="120"/>
<rect class="net" x="10" y="410" width="240" height="0"/>
<rect class="net" x="130" y="490" width="400" height="40"/>
<rect class="net" x="50" y="490" width="80" height="240"/>
<rect class="net" x="250" y="170" width="0" height="120"/>
<rect class="net" x="10" y="290" width="240" height="40"/>
<rect class="net" x="250" y="170" width="720" height="760"/>
<rect class="net" x="450" y="250" width="520" height="480"/>
<rect class="net" x="130" y="290" width="320" height="240"/>
<rect class="net" x="410" y="570" width="80" height="80"/>
<rect class="net" x="490" y="330" width="40" height="360"/>
<rect class="net" x="490" y="330" width="40" height="40"/>
<rect class="net" x="210" y="290" width="440" height="880"/>
<rect class="net" x="250" y="210" width="1000" height="1000"/>
<rect class="net" x="130" y="530" width="520" height="280"/>
<rect class="net" x="370" y="370" width="280" height="280"/>
<rect class="net" x="90" y="370" width="200" height="440"/>
<rect class="net" x="330" y="290" width="240" height="280"/>
<rect class="net" x="570" y="210" width="120" height="680"/>
<rect class="net" x="170" y="290" width="80" height="520"/>
<rect class="net" x="290" y="770" width="640" height="240"/>
<rect class="net" x="730" y="650" width="0" height="160"/>
<rect class="net" x="210" y="730" width="720" height="280"/>
<rect class="net" x="690" y="690" width="120" height="120"/>
<rect class="net" x="410" y="770" width="40" height="240"/>
<rect class="net" x="770" y="410" width="0" height="360"/>
<rect class="net" x="370" y="370" width="80" height="480"/>
<rect class="net" x="370" y="850" width="880" height="40"/>
<rect class="net" x="130" y="530" width="240" height="320"/>
<rect class="net" x="290" y="850" width="320" height="80"/>
<rect class="net" x="530" y="850" width="80" height="360"/>
<rect class="net" x="370" y="370" width="240" height="480"/>
<rect class="net" x="570" y="530" width="360" height="360"/>
<rect class="net" x="490" y="450" width="0" height="80"/>
<rect class="net" x="370" y="290" width="120" height="160"/>
<rect class="net" x="650" y="170" width="240" height="360"/>
<rect class="net" x="650" y="170" width="0" height="680"/>
<rect class="net" x="650" y="170" width="280" height="640"/>
<rect class="net" x="290" y="770" width="600" height="120"/>
<rect class="net" x="890" y="810" width="40" height="80"/>
<rect class="net" x="370" y="290" width="560" height="520"/>
<rect class="net" x="210" y="290" width="160" height="440"/>
<rect class="net" x="370" y="570" width="880" height="320"/>
<rect class="net" x="90" y="690" width="440" height="520"/>
<rect class="net" x="90" y="250" width="600" height="840"/>
<rect class="net" x="90" y="250" width="600" height="840"/>
<rect class="net" x="450" y="370" width="40" height="160"/>
<rect class="net" x="330" y="210" width="240" height="160"/>
<rect class="net" x="290" y="370" width="40" height="360"/>
<rect class="net" x="370" y="330" width="560" height="0"/>
<rect class="net" x="370" y="330" width="80" height="280"/>
<rect class="net" x="610" y="330" width="160" height="40"/>
<rect class="net" x="610" y="370" width="640" height="400"/>
<rect class="net" x="90" y="1050" width="40" height="120"/>
<rect class="net" x="130" y="530" width="160" height="520"/>
<rect class="net" x="90" y="170" width="400" height="640"/>
<rect class="net" x="90" y="290" width="400" height="520"/>
<rect class="net" x="290" y="290" width="240" height="160"/>
<rect class="net" x="530" y="290" width="40" height="160"/>
<rect class="net" x="610" y="610" width="320" height="360"/>
<rect class="net" x="610" y="250" width="280" height="720"/>
<rect class="net" x="690" y="650" width="360" height="440"/>
<rect class="net" x="690" y="210" width="280" height="880"/>
<rect class="net" x="330" y="250" width="640" height="0"/>
<rect class="net" x="330" y="210" width="200" height="40"/>
<rect class="net" x="290" y="330" width="0" height="40"/>
<rect class="net" x="290" y="250" width="280" height="80"/>
<rect class="net" x="170" y="810" width="880" height="360"/>
<rect class="net" x="50" y="570" width="400" height="600"/>
<rect class="net" x="210" y="1170" width="40" height="40"/>
<rect class="net" x="210" y="1170" width="400" height="0"/>
<rect class="net" x="170" y="450" width="440" height="760"/>
<rect class="net" x="250" y="1130" width="480" height="80"/>
<rect class="net" x="210" y="1130" width="520" height="80"/>
<rect class="net" x="210" y="1090" width="400" height="120"/>
<rect class="net" x="210" y="450" width="840" height="640"/>
<rect class="net" x="250" y="450" width="360" height="600"/>
<rect class="net" x="610" y="450" width="440" height="360"/>
<rect class="net" x="250" y="810" width="800" height="400"/>
<rect class="net" x="250" y="810" width="800" height="400"/>
<rect class="net" x="170" y="810" width="880" height="360"/>
<rect class="net" x="170" y="930" width="120" height="240"/>
<rect class="net" x="170" y="810" width="880" height="120"/>
<rect class="net" x="170" y="1090" width="120" height="80"/>
<rect class="net" x="290" y="810" width="760" height="360"/>
<rect class="net" x="610" y="810" width="440" height="360"/>
<rect class="net" x="50" y="930" width="560" height="240"/>
<rect class="net" x="50" y="330" width="200" height="600"/>
<rect class="net" x="50" y="690" width="80" height="240"/>
<rect class="net" x="130" y="330" width="0" height="360"/>
<rect class="net" x="50" y="330" width="80" height="240"/>
<rect class="net" x="90" y="690" width="40" height="280"/>
<rect class="net" x="130" y="370" width="200" height="480"/>
<rect class="net" x="130" y="530" width="1120" height="320"/>
<rect class="net" x="130" y="210" width="840" height="160"/>
=============================== warnings summary ===============================
tests/test_place.py::test_placement
  /media/lubuntu/USBDISK/miniconda3/lib/python3.9/site-packages/networkx/algorithms/bipartite/matching.py:569: FutureWarning: biadjacency_matrix will return a scipy.sparse array instead of a matrix in NetworkX 3.0
    weights_sparse = biadjacency_matrix(

-- Docs: https://docs.pytest.org/en/stable/how-to/capture-warnings.html

---------- coverage: platform linux, python 3.9.12-final-0 -----------
Name                              Stmts   Miss Branch BrPart  Cover   Missing
-----------------------------------------------------------------------------
src/nnsplace/__init__.py              6      0      0      0   100%
src/nnsplace/array_like.py           23      9      0      0    61%   26, 34, 42, 54, 57-58, 66, 77, 86
src/nnsplace/bpqueue.py              89     89     28      0     0%   2-289
src/nnsplace/dllist.py               63     63      2      0     0%   1-330
src/nnsplace/min_cycle_ratio.py      16      3      8      0    71%   16-18
src/nnsplace/neg_cycle.py            76      9     35      1    87%   36->38, 155-165
src/nnsplace/neg_cycle_rev.py        57     57     25      0     0%   2-121
src/nnsplace/netlist.py             116     44     14      0    57%   28, 87, 95, 103, 111, 122, 145, 234-260, 275-280, 295, 313-319, 323-338
src/nnsplace/parametric.py           24      1     10      1    94%   45
src/nnsplace/placement.py           173     13     75      1    91%   115-122, 247-250, 287
src/nnsplace/placement_cfg.py         4      0      0      0   100%
-----------------------------------------------------------------------------
TOTAL                               647    288    197      3    56%

=========================== short test summary info ============================
FAILED tests/test_place.py::test_placement - assert 9 < 0
=================== 1 failed, 1 passed, 1 warning in 21.99s ====================
